Component: ARM Compiler 5.06 update 3 (build 300) Tool: armlink [4d35c9]

==============================================================================

Section Cross References

    main.o(i.main) refers to rt_cmsis.o(i.osKernelInitialize) for osKernelInitialize
    main.o(i.main) refers to my_headers.o(i.Initialise_LED_BUTTON) for Initialise_LED_BUTTON
    main.o(i.main) refers to my_headers.o(i.Initialise_SPI) for Initialise_SPI
    main.o(i.main) refers to my_headers.o(i.InitialiseIRQ) for InitialiseIRQ
    main.o(i.main) refers to thread.o(i.Init_Tilt_Detector_Thread) for Init_Tilt_Detector_Thread
    main.o(i.main) refers to thread.o(i.Init_Blink_Red_LED_Thread) for Init_Blink_Red_LED_Thread
    main.o(i.main) refers to rt_cmsis.o(i.osKernelStart) for osKernelStart
    thread.o(i.Blink_Red_LED_Thread) refers to rt_cmsis.o(i.osSignalClear) for osSignalClear
    thread.o(i.Blink_Red_LED_Thread) refers to rt_cmsis.o(i.osSignalWait) for osSignalWait
    thread.o(i.Blink_Red_LED_Thread) refers to rt_cmsis.o(i.osSignalSet) for osSignalSet
    thread.o(i.Blink_Red_LED_Thread) refers to my_headers.o(i.InitialiseIRQ) for InitialiseIRQ
    thread.o(i.Blink_Red_LED_Thread) refers to rt_cmsis.o(i.osThreadYield) for osThreadYield
    thread.o(i.Blink_Red_LED_Thread) refers to thread.o(.data) for tid_Blink_Red_LED_Thread
    thread.o(i.Blink_Red_LED_Thread) refers to my_headers.o(.data) for EnableIdleLed
    thread.o(i.Init_Blink_Red_LED_Thread) refers to rt_cmsis.o(i.osThreadCreate) for osThreadCreate
    thread.o(i.Init_Blink_Red_LED_Thread) refers to thread.o(.constdata) for os_thread_def_Blink_Red_LED_Thread
    thread.o(i.Init_Blink_Red_LED_Thread) refers to thread.o(.data) for tid_Blink_Red_LED_Thread
    thread.o(i.Init_Tilt_Detector_Thread) refers to rt_cmsis.o(i.osThreadCreate) for osThreadCreate
    thread.o(i.Init_Tilt_Detector_Thread) refers to thread.o(.constdata) for os_thread_def_Tilt_Detector_Thread
    thread.o(i.Init_Tilt_Detector_Thread) refers to thread.o(.data) for tid_Tilt_Detector_Thread
    thread.o(i.Tilt_Detector_Thread) refers to rt_cmsis.o(i.osSignalSet) for osSignalSet
    thread.o(i.Tilt_Detector_Thread) refers to stm32f4xx_hal_cortex.o(i.HAL_NVIC_DisableIRQ) for HAL_NVIC_DisableIRQ
    thread.o(i.Tilt_Detector_Thread) refers to rt_cmsis.o(i.osSignalWait) for osSignalWait
    thread.o(i.Tilt_Detector_Thread) refers to rt_cmsis.o(i.osThreadYield) for osThreadYield
    thread.o(i.Tilt_Detector_Thread) refers to thread.o(.data) for tid_Tilt_Detector_Thread
    thread.o(i.Tilt_Detector_Thread) refers to my_headers.o(.data) for EnableIdleLed
    thread.o(.constdata) refers to thread.o(i.Tilt_Detector_Thread) for Tilt_Detector_Thread
    thread.o(.constdata) refers to thread.o(i.Blink_Red_LED_Thread) for Blink_Red_LED_Thread
    my_headers.o(i.EXTI0_IRQHandler) refers to stm32f4xx_hal_spi.o(i.HAL_SPI_Transmit) for HAL_SPI_Transmit
    my_headers.o(i.EXTI0_IRQHandler) refers to stm32f4xx_hal_spi.o(i.HAL_SPI_Receive) for HAL_SPI_Receive
    my_headers.o(i.EXTI0_IRQHandler) refers to stm32f4xx_hal_cortex.o(i.HAL_NVIC_ClearPendingIRQ) for HAL_NVIC_ClearPendingIRQ
    my_headers.o(i.EXTI0_IRQHandler) refers to my_headers.o(.bss) for SPI_Params
    my_headers.o(i.InitialiseIRQ) refers to stm32f4xx_hal_cortex.o(i.HAL_NVIC_SetPriority) for HAL_NVIC_SetPriority
    my_headers.o(i.InitialiseIRQ) refers to stm32f4xx_hal_cortex.o(i.HAL_NVIC_ClearPendingIRQ) for HAL_NVIC_ClearPendingIRQ
    my_headers.o(i.Initialise_SPI) refers to stm32f4xx_hal_spi.o(i.HAL_SPI_Init) for HAL_SPI_Init
    my_headers.o(i.Initialise_SPI) refers to stm32f4xx_hal_gpio.o(i.HAL_GPIO_Init) for HAL_GPIO_Init
    my_headers.o(i.Initialise_SPI) refers to stm32f4xx_hal_spi.o(i.HAL_SPI_Transmit) for HAL_SPI_Transmit
    my_headers.o(i.Initialise_SPI) refers to my_headers.o(.bss) for SPI_Params
    rtx_conf_cm.o(.emb_text) refers to rt_cmsis.o(i.osKernelInitialize) for osKernelInitialize
    rtx_conf_cm.o(.emb_text) refers to rt_cmsis.o(i.osThreadCreate) for osThreadCreate
    rtx_conf_cm.o(.emb_text) refers to rt_cmsis.o(i.osKernelStart) for osKernelStart
    rtx_conf_cm.o(.emb_text) refers to exit.o(.text) for exit
    rtx_conf_cm.o(.emb_text) refers to rtx_conf_cm.o(.data) for os_thread_def_main
    rtx_conf_cm.o(i.__user_perthread_libspace) refers to rt_task.o(i.rt_tsk_self) for rt_tsk_self
    rtx_conf_cm.o(i.__user_perthread_libspace) refers to rt_cmsis.o(.data) for os_running
    rtx_conf_cm.o(i.__user_perthread_libspace) refers to rtx_conf_cm.o(.bss) for .bss
    rtx_conf_cm.o(i.__user_perthread_libspace) refers to libspace.o(.bss) for __libspace_start
    rtx_conf_cm.o(i._mutex_acquire) refers to rt_cmsis.o(.data) for os_running
    rtx_conf_cm.o(i._mutex_acquire) refers to rt_mutex.o(i.rt_mut_wait) for rt_mut_wait
    rtx_conf_cm.o(i._mutex_initialize) refers to rt_mutex.o(i.rt_mut_init) for rt_mut_init
[...]
    ..\HAL_CM.c                              0x00000000   Number         0  hal_cm.o ABSOLUTE
    ..\\rt_CMSIS.c                           0x00000000   Number         0  rt_cmsis.o ABSOLUTE
    ..\\rt_System.c                          0x00000000   Number         0  rt_system.o ABSOLUTE
    ..\rt_CMSIS.c                            0x00000000   Number         0  rt_cmsis.o ABSOLUTE
    ..\rt_Event.c                            0x00000000   Number         0  rt_event.o ABSOLUTE
    ..\rt_List.c                             0x00000000   Number         0  rt_list.o ABSOLUTE
    ..\rt_Mailbox.c                          0x00000000   Number         0  rt_mailbox.o ABSOLUTE
    ..\rt_MemBox.c                           0x00000000   Number         0  rt_membox.o ABSOLUTE
    ..\rt_Memory.c                           0x00000000   Number         0  rt_memory.o ABSOLUTE
    ..\rt_Mutex.c                            0x00000000   Number         0  rt_mutex.o ABSOLUTE
    ..\rt_Robin.c                            0x00000000   Number         0  rt_robin.o ABSOLUTE
    ..\rt_Semaphore.c                        0x00000000   Number         0  rt_semaphore.o ABSOLUTE
    ..\rt_System.c                           0x00000000   Number         0  rt_system.o ABSOLUTE
    ..\rt_Task.c                             0x00000000   Number         0  rt_task.o ABSOLUTE
    ..\rt_Time.c                             0x00000000   Number         0  rt_time.o ABSOLUTE
    C:\KEIL_V5\ARM\PACK\Keil\STM32F4xx_DFP\2.11.0\Drivers\STM32F4xx_HAL_Driver\Src\stm32f4xx_hal.c 0x00000000   Number         0  stm32f4xx_hal.o ABSOLUTE
    C:\KEIL_V5\ARM\PACK\Keil\STM32F4xx_DFP\2.11.0\Drivers\STM32F4xx_HAL_Driver\Src\stm32f4xx_hal_cortex.c 0x00000000   Number         0  stm32f4xx_hal_cortex.o ABSOLUTE
    C:\KEIL_V5\ARM\PACK\Keil\STM32F4xx_DFP\2.11.0\Drivers\STM32F4xx_HAL_Driver\Src\stm32f4xx_hal_dma.c 0x00000000   Number         0  stm32f4xx_hal_dma.o ABSOLUTE
    C:\KEIL_V5\ARM\PACK\Keil\STM32F4xx_DFP\2.11.0\Drivers\STM32F4xx_HAL_Driver\Src\stm32f4xx_hal_dma_ex.c 0x00000000   Number         0  stm32f4xx_hal_dma_ex.o ABSOLUTE
    C:\KEIL_V5\ARM\PACK\Keil\STM32F4xx_DFP\2.11.0\Drivers\STM32F4xx_HAL_Driver\Src\stm32f4xx_hal_gpio.c 0x00000000   Number         0  stm32f4xx_hal_gpio.o ABSOLUTE
    C:\KEIL_V5\ARM\PACK\Keil\STM32F4xx_DFP\2.11.0\Drivers\STM32F4xx_HAL_Driver\Src\stm32f4xx_hal_pwr.c 0x00000000   Number         0  stm32f4xx_hal_pwr.o ABSOLUTE
    C:\KEIL_V5\ARM\PACK\Keil\STM32F4xx_DFP\2.11.0\Drivers\STM32F4xx_HAL_Driver\Src\stm32f4xx_hal_pwr_ex.c 0x00000000   Number         0  stm32f4xx_hal_pwr_ex.o ABSOLUTE
    C:\KEIL_V5\ARM\PACK\Keil\STM32F4xx_DFP\2.11.0\Drivers\STM32F4xx_HAL_Driver\Src\stm32f4xx_hal_rcc.c 0x00000000   Number         0  stm32f4xx_hal_rcc.o ABSOLUTE
    C:\KEIL_V5\ARM\PACK\Keil\STM32F4xx_DFP\2.11.0\Drivers\STM32F4xx_HAL_Driver\Src\stm32f4xx_hal_rcc_ex.c 0x00000000   Number         0  stm32f4xx_hal_rcc_ex.o ABSOLUTE
    C:\KEIL_V5\ARM\PACK\Keil\STM32F4xx_DFP\2.11.0\Drivers\STM32F4xx_HAL_Driver\Src\stm32f4xx_hal_spi.c 0x00000000   Number         0  stm32f4xx_hal_spi.o ABSOLUTE
    C:\KEIL_V5\ARM\PACK\Keil\STM32F4xx_DFP\2.11.0\Drivers\STM32F4xx_HAL_Driver\Src\stm32f4xx_hal_tim.c 0x00000000   Number         0  stm32f4xx_hal_tim.o ABSOLUTE
    C:\KEIL_V5\ARM\PACK\Keil\STM32F4xx_DFP\2.11.0\Drivers\STM32F4xx_HAL_Driver\Src\stm32f4xx_hal_tim_ex.c 0x00000000   Number         0  stm32f4xx_hal_tim_ex.o ABSOLUTE
    C:\\KEIL_V5\\ARM\\PACK\\Keil\\STM32F4xx_DFP\\2.11.0\\Drivers\\STM32F4xx_HAL_Driver\\Src\\stm32f4xx_hal.c 0x00000000   Number         0  stm32f4xx_hal.o ABSOLUTE
    C:\\KEIL_V5\\ARM\\PACK\\Keil\\STM32F4xx_DFP\\2.11.0\\Drivers\\STM32F4xx_HAL_Driver\\Src\\stm32f4xx_hal_cortex.c 0x00000000   Number         0  stm32f4xx_hal_cortex.o ABSOLUTE
    C:\\KEIL_V5\\ARM\\PACK\\Keil\\STM32F4xx_DFP\\2.11.0\\Drivers\\STM32F4xx_HAL_Driver\\Src\\stm32f4xx_hal_dma.c 0x00000000   Number         0  stm32f4xx_hal_dma.o ABSOLUTE
    C:\\KEIL_V5\\ARM\\PACK\\Keil\\STM32F4xx_DFP\\2.11.0\\Drivers\\STM32F4xx_HAL_Driver\\Src\\stm32f4xx_hal_dma_ex.c 0x00000000   Number         0  stm32f4xx_hal_dma_ex.o ABSOLUTE
    C:\\KEIL_V5\\ARM\\PACK\\Keil\\STM32F4xx_DFP\\2.11.0\\Drivers\\STM32F4xx_HAL_Driver\\Src\\stm32f4xx_hal_gpio.c 0x00000000   Number         0  stm32f4xx_hal_gpio.o ABSOLUTE
    C:\\KEIL_V5\\ARM\\PACK\\Keil\\STM32F4xx_DFP\\2.11.0\\Drivers\\STM32F4xx_HAL_Driver\\Src\\stm32f4xx_hal_pwr.c 0x00000000   Number         0  stm32f4xx_hal_pwr.o ABSOLUTE
    C:\\KEIL_V5\\ARM\\PACK\\Keil\\STM32F4xx_DFP\\2.11.0\\Drivers\\STM32F4xx_HAL_Driver\\Src\\stm32f4xx_hal_pwr_ex.c 0x00000000   Number         0  stm32f4xx_hal_pwr_ex.o ABSOLUTE
    C:\\KEIL_V5\\ARM\\PACK\\Keil\\STM32F4xx_DFP\\2.11.0\\Drivers\\STM32F4xx_HAL_Driver\\Src\\stm32f4xx_hal_rcc.c 0x00000000   Number         0  stm32f4xx_hal_rcc.o ABSOLUTE
    C:\\KEIL_V5\\ARM\\PACK\\Keil\\STM32F4xx_DFP\\2.11.0\\Drivers\\STM32F4xx_HAL_Driver\\Src\\stm32f4xx_hal_rcc_ex.c 0x00000000   Number         0  stm32f4xx_hal_rcc_ex.o ABSOLUTE
    C:\\KEIL_V5\\ARM\\PACK\\Keil\\STM32F4xx_DFP\\2.11.0\\Drivers\\STM32F4xx_HAL_Driver\\Src\\stm32f4xx_hal_spi.c 0x00000000   Number         0  stm32f4xx_hal_spi.o ABSOLUTE
    C:\\KEIL_V5\\ARM\\PACK\\Keil\\STM32F4xx_DFP\\2.11.0\\Drivers\\STM32F4xx_HAL_Driver\\Src\\stm32f4xx_hal_tim.c 0x00000000   Number         0  stm32f4xx_hal_tim.o ABSOLUTE
    C:\\KEIL_V5\\ARM\\PACK\\Keil\\STM32F4xx_DFP\\2.11.0\\Drivers\\STM32F4xx_HAL_Driver\\Src\\stm32f4xx_hal_tim_ex.c 0x00000000   Number         0  stm32f4xx_hal_tim_ex.o ABSOLUTE
    HAL_CM4.c                                0x00000000   Number         0  hal_cm4.o ABSOLUTE
    HAL_CM4.c                                0x00000000   Number         0  hal_cm4.o ABSOLUTE
    RTE\CMSIS\RTX_Conf_CM.c                  0x00000000   Number         0  rtx_conf_cm.o ABSOLUTE
    RTE\Device\STM32F407VGTx\startup_stm32f407xx.s 0x00000000   Number         0  startup_stm32f407xx.o ABSOLUTE
    RTE\Device\STM32F407VGTx\system_stm32f4xx.c 0x00000000   Number         0  system_stm32f4xx.o ABSOLUTE
    RTE\\CMSIS\\RTX_Conf_CM.c                0x00000000   Number         0  rtx_conf_cm.o ABSOLUTE
    RTE\\Device\\STM32F407VGTx\\system_stm32f4xx.c 0x00000000   Number         0  system_stm32f4xx.o ABSOLUTE
    SVC_Table.s                              0x00000000   Number         0  svc_table.o ABSOLUTE
    Thread.c                                 0x00000000   Number         0  thread.o ABSOLUTE
    Thread.c                                 0x00000000   Number         0  thread.o ABSOLUTE
    dc.s                                     0x00000000   Number         0  dc.o ABSOLUTE
    main.c                                   0x00000000   Number         0  main.o ABSOLUTE
    main.c                                   0x00000000   Number         0  main.o ABSOLUTE
    my_headers.c                             0x00000000   Number         0  my_headers.o ABSOLUTE
    my_headers.c                             0x00000000   Number         0  my_headers.o ABSOLUTE
    RESET                                    0x08000000   Section      392  startup_stm32f407xx.o(RESET)
    !!!main                                  0x08000188   Section        8  __main.o(!!!main)
    !!!scatter                               0x08000190   Section       52  __scatter.o(!!!scatter)
    !!handler_copy                           0x080001c4   Section       26  __scatter_copy.o(!!handler_copy)
    !!handler_zi                             0x080001e0   Section       28  __scatter_zi.o(!!handler_zi)
    .ARM.Collect$$libinit$$00000000          0x080001fc   Section        2  libinit.o(.ARM.Collect$$libinit$$00000000)
    .ARM.Collect$$libinit$$00000001          0x080001fe   Section        4  libinit2.o(.ARM.Collect$$libinit$$00000001)
    .ARM.Collect$$libinit$$00000004          0x08000202   Section        0  libinit2.o(.ARM.Collect$$libinit$$00000004)
    .ARM.Collect$$libinit$$0000000A          0x08000202   Section        0  libinit2.o(.ARM.Collect$$libinit$$0000000A)
    .ARM.Collect$$libinit$$0000000C          0x08000202   Section        0  libinit2.o(.ARM.Collect$$libinit$$0000000C)
    .ARM.Collect$$libinit$$0000000E          0x08000202   Section        0  libinit2.o(.ARM.Collect$$libinit$$0000000E)
    .ARM.Collect$$libinit$$00000011          0x08000202   Section        0  libinit2.o(.ARM.Collect$$libinit$$00000011)
    .ARM.Collect$$libinit$$00000013          0x08000202   Section        0  libinit2.o(.ARM.Collect$$libinit$$00000013)
    .ARM.Collect$$libinit$$00000015          0x08000202   Section        0  libinit2.o(.ARM.Collect$$libinit$$00000015)
    .ARM.Collect$$libinit$$00000017          0x08000202   Section        0  libinit2.o(.ARM.Collect$$libinit$$00000017)
    .ARM.Collect$$libinit$$00000019          0x08000202   Section        0  libinit2.o(.ARM.Collect$$libinit$$00000019)
    .ARM.Collect$$libinit$$0000001B          0x08000202   Section        0  libinit2.o(.ARM.Collect$$libinit$$0000001B)
    .ARM.Collect$$libinit$$0000001D          0x08000202   Section        0  libinit2.o(.ARM.Collect$$libinit$$0000001D)
    .ARM.Collect$$libinit$$0000001F          0x08000202   Section        0  libinit2.o(.ARM.Collect$$libinit$$0000001F)
    .ARM.Collect$$libinit$$00000021          0x08000202   Section        0  libinit2.o(.ARM.Collect$$libinit$$00000021)
    .ARM.Collect$$libinit$$00000023          0x08000202   Section        0  libinit2.o(.ARM.Collect$$libinit$$00000023)
    .ARM.Collect$$libinit$$00000025          0x08000202   Section        0  libinit2.o(.ARM.Collect$$libinit$$00000025)
    .ARM.Collect$$libinit$$0000002C          0x08000202   Section        0  libinit2.o(.ARM.Collect$$libinit$$0000002C)
    .ARM.Collect$$libinit$$0000002E          0x08000202   Section        0  libinit2.o(.ARM.Collect$$libinit$$0000002E)
    .ARM.Collect$$libinit$$00000030          0x08000202   Section        0  libinit2.o(.ARM.Collect$$libinit$$00000030)
    .ARM.Collect$$libinit$$00000032          0x08000202   Section        0  libinit2.o(.ARM.Collect$$libinit$$00000032)
    .ARM.Collect$$libinit$$00000033          0x08000202   Section        2  libinit2.o(.ARM.Collect$$libinit$$00000033)
    .ARM.Collect$$libshutdown$$00000000      0x08000204   Section        2  libshutdown.o(.ARM.Collect$$libshutdown$$00000000)
    .ARM.Collect$$libshutdown$$00000002      0x08000206   Section        0  libshutdown2.o(.ARM.Collect$$libshutdown$$00000002)
    .ARM.Collect$$libshutdown$$00000004      0x08000206   Section        0  libshutdown2.o(.ARM.Collect$$libshutdown$$00000004)
    .ARM.Collect$$libshutdown$$00000007      0x08000206   Section        0  libshutdown2.o(.ARM.Collect$$libshutdown$$00000007)
    .ARM.Collect$$libshutdown$$0000000A      0x08000206   Section        0  libshutdown2.o(.ARM.Collect$$libshutdown$$0000000A)
    .ARM.Collect$$libshutdown$$0000000C      0x08000206   Section        0  libshutdown2.o(.ARM.Collect$$libshutdown$$0000000C)
    .ARM.Collect$$libshutdown$$0000000F      0x08000206   Section        0  libshutdown2.o(.ARM.Collect$$libshutdown$$0000000F)
    .ARM.Collect$$libshutdown$$00000010      0x08000206   Section        2  libshutdown2.o(.ARM.Collect$$libshutdown$$00000010)
    .ARM.Collect$$rtentry$$00000000          0x08000208   Section        0  __rtentry.o(.ARM.Collect$$rtentry$$00000000)
    .ARM.Collect$$rtentry$$00000002          0x08000208   Section        0  __rtentry2.o(.ARM.Collect$$rtentry$$00000002)
    .ARM.Collect$$rtentry$$00000004          0x08000208   Section        6  __rtentry4.o(.ARM.Collect$$rtentry$$00000004)
    .ARM.Collect$$rtentry$$00000009          0x0800020e   Section        0  __rtentry2.o(.ARM.Collect$$rtentry$$00000009)
    .ARM.Collect$$rtentry$$0000000A          0x0800020e   Section        4  __rtentry2.o(.ARM.Collect$$rtentry$$0000000A)
    .ARM.Collect$$rtentry$$0000000B          0x08000212   Section        8  __rtentry2.o(.ARM.Collect$$rtentry$$0000000B)
    .ARM.Collect$$rtentry$$0000000D          0x0800021a   Section        8  __rtentry2.o(.ARM.Collect$$rtentry$$0000000D)
    .ARM.Collect$$rtexit$$00000000           0x08000222   Section        2  rtexit.o(.ARM.Collect$$rtexit$$00000000)
    .ARM.Collect$$rtexit$$00000002           0x08000224   Section        0  rtexit2.o(.ARM.Collect$$rtexit$$00000002)
    .ARM.Collect$$rtexit$$00000003           0x08000224   Section        4  rtexit2.o(.ARM.Collect$$rtexit$$00000003)
    .ARM.Collect$$rtexit$$00000004           0x08000228   Section        6  rtexit2.o(.ARM.Collect$$rtexit$$00000004)
    .emb_text                                0x08000230   Section       28  rtx_conf_cm.o(.emb_text)
    $v0                                      0x08000230   Number         0  rtx_conf_cm.o(.emb_text)
    .emb_text                                0x0800024c   Section      408  hal_cm4.o(.emb_text)
    $v0                                      0x0800024c   Number         0  hal_cm4.o(.emb_text)
    .text                                    0x080003e4   Section       64  startup_stm32f407xx.o(.text)
    $v0                                      0x080003e4   Number         0  startup_stm32f407xx.o(.text)
    .text                                    0x08000424   Section        8  libspace.o(.text)
    .text                                    0x0800042c   Section        0  exit.o(.text)
    .text                                    0x0800043e   Section        0  heapauxi.o(.text)
    .text                                    0x08000444   Section        0  sys_exit.o(.text)
    .text                                    0x08000450   Section       74  sys_stackheap_outer.o(.text)
    .text                                    0x0800049a   Section        2  use_no_semi.o(.text)
    .text                                    0x0800049c   Section        0  indicate_semi.o(.text)
    SVC_TABLE                                0x0800049c   Section        4  svc_table.o(SVC_TABLE)
    i.Blink_Red_LED_Thread                   0x080004a0   Section        0  thread.o(i.Blink_Red_LED_Thread)
    i.EXTI0_IRQHandler                       0x080005e8   Section        0  my_headers.o(i.EXTI0_IRQHandler)
    i.HAL_GPIO_Init                          0x08000738   Section        0  stm32f4xx_hal_gpio.o(i.HAL_GPIO_Init)
    i.HAL_GetTick                            0x08000938   Section        0  stm32f4xx_hal.o(i.HAL_GetTick)
    i.HAL_NVIC_ClearPendingIRQ               0x08000944   Section        0  stm32f4xx_hal_cortex.o(i.HAL_NVIC_ClearPendingIRQ)
    i.HAL_NVIC_DisableIRQ                    0x08000960   Section        0  stm32f4xx_hal_cortex.o(i.HAL_NVIC_DisableIRQ)
    i.HAL_NVIC_SetPriority                   0x0800097c   Section        0  stm32f4xx_hal_cortex.o(i.HAL_NVIC_SetPriority)
    i.HAL_SPI_Init                           0x080009f8   Section        0  stm32f4xx_hal_spi.o(i.HAL_SPI_Init)
    i.HAL_SPI_MspInit                        0x08000a98   Section        0  stm32f4xx_hal_spi.o(i.HAL_SPI_MspInit)
    i.HAL_SPI_Receive                        0x08000a9a   Section        0  stm32f4xx_hal_spi.o(i.HAL_SPI_Receive)
    i.HAL_SPI_Transmit                       0x08000cbe   Section        0  stm32f4xx_hal_spi.o(i.HAL_SPI_Transmit)
    i.HAL_SPI_TransmitReceive                0x08000e9e   Section        0  stm32f4xx_hal_spi.o(i.HAL_SPI_TransmitReceive)
    i.Init_Blink_Red_LED_Thread              0x0800116c   Section        0  thread.o(i.Init_Blink_Red_LED_Thread)
    i.Init_Tilt_Detector_Thread              0x08001194   Section        0  thread.o(i.Init_Tilt_Detector_Thread)
    i.InitialiseIRQ                          0x080011bc   Section        0  my_headers.o(i.InitialiseIRQ)
    i.Initialise_LED_BUTTON                  0x080011dc   Section        0  my_headers.o(i.Initialise_LED_BUTTON)
    i.Initialise_SPI                         0x08001268   Section        0  my_headers.o(i.Initialise_SPI)
    i.NVIC_GetPriorityGrouping               0x0800139c   Section        0  stm32f4xx_hal_cortex.o(i.NVIC_GetPriorityGrouping)
    NVIC_GetPriorityGrouping                 0x0800139d   Thumb Code    10  stm32f4xx_hal_cortex.o(i.NVIC_GetPriorityGrouping)
    i.NVIC_SetPriority                       0x080013ac   Section        0  stm32f4xx_hal_cortex.o(i.NVIC_SetPriority)
    NVIC_SetPriority                         0x080013ad   Thumb Code    32  stm32f4xx_hal_cortex.o(i.NVIC_SetPriority)
    i.SPI_CheckFlag_BSY                      0x080013d4   Section        0  stm32f4xx_hal_spi.o(i.SPI_CheckFlag_BSY)
    SPI_CheckFlag_BSY                        0x080013d5   Thumb Code    40  stm32f4xx_hal_spi.o(i.SPI_CheckFlag_BSY)
    i.SPI_WaitFlagStateUntilTimeout          0x080013fc   Section        0  stm32f4xx_hal_spi.o(i.SPI_WaitFlagStateUntilTimeout)
    SPI_WaitFlagStateUntilTimeout            0x080013fd   Thumb Code   170  stm32f4xx_hal_spi.o(i.SPI_WaitFlagStateUntilTimeout)
    i.SystemInit                             0x080014a8   Section        0  system_stm32f4xx.o(i.SystemInit)
    i.Tilt_Detector_Thread                   0x08001600   Section        0  thread.o(i.Tilt_Detector_Thread)
    i._init_box                              0x0800169c   Section        0  rt_membox.o(i._init_box)
    i._mutex_acquire                         0x080016e4   Section        0  rtx_conf_cm.o(i._mutex_acquire)
    __tagsym$$used                           0x080016e5   Number         0  rtx_conf_cm.o(i._mutex_acquire)
    i._mutex_release                         0x08001704   Section        0  rtx_conf_cm.o(i._mutex_release)
    __tagsym$$used                           0x08001705   Number         0  rtx_conf_cm.o(i._mutex_release)
    i.dbg_init                               0x08001720   Section        0  hal_cm.o(i.dbg_init)
    i.dbg_task_notify                        0x08001750   Section        0  hal_cm.o(i.dbg_task_notify)
    i.dbg_task_switch                        0x08001770   Section        0  hal_cm.o(i.dbg_task_switch)
    i.isrMessageGet                          0x08001780   Section        0  rt_cmsis.o(i.isrMessageGet)
    i.isrMessagePut                          0x080017aa   Section        0  rt_cmsis.o(i.isrMessagePut)
    i.isrSignalSet                           0x080017d6   Section        0  rt_cmsis.o(i.isrSignalSet)
    i.isr_evt_set                            0x080017fc   Section        0  rt_event.o(i.isr_evt_set)
    i.isr_mbx_receive                        0x08001824   Section        0  rt_mailbox.o(i.isr_mbx_receive)
    i.isr_mbx_send                           0x08001876   Section        0  rt_mailbox.o(i.isr_mbx_send)
    i.main                                   0x08001884   Section        0  main.o(i.main)
    i.osKernelInitialize                     0x080018b0   Section        0  rt_cmsis.o(i.osKernelInitialize)
    i.osKernelStart                          0x080018d4   Section        0  rt_cmsis.o(i.osKernelStart)
    i.osMessageGet                           0x08001940   Section        0  rt_cmsis.o(i.osMessageGet)
    i.osSignalClear                          0x08001958   Section        0  rt_cmsis.o(i.osSignalClear)
    i.osSignalSet                            0x08001970   Section        0  rt_cmsis.o(i.osSignalSet)
    i.osSignalWait                           0x08001988   Section        0  rt_cmsis.o(i.osSignalWait)
    i.osThreadCreate                         0x080019a0   Section        0  rt_cmsis.o(i.osThreadCreate)
    i.osThreadExit                           0x080019d0   Section        0  rt_cmsis.o(i.osThreadExit)
    i.osThreadYield                          0x080019e8   Section        0  rt_cmsis.o(i.osThreadYield)
    i.osTimerCall                            0x08001a00   Section        0  rt_cmsis.o(i.osTimerCall)
    i.osTimerThread                          0x08001a0c   Section        0  rt_cmsis.o(i.osTimerThread)
    i.os_error                               0x08001a38   Section        0  rtx_conf_cm.o(i.os_error)
    i.os_idle_demon                          0x08001a5a   Section        0  rtx_conf_cm.o(i.os_idle_demon)
    i.os_tick_init                           0x08001a60   Section        0  rt_system.o(i.os_tick_init)
    i.os_tick_irqack                         0x08001a88   Section        0  rt_system.o(i.os_tick_irqack)
    i.rt_alloc_box                           0x08001a8a   Section        0  rt_membox.o(i.rt_alloc_box)
    i.rt_alloc_mem                           0x08001aa4   Section        0  rt_memory.o(i.rt_alloc_mem)
    i.rt_block                               0x08001ae4   Section        0  rt_task.o(i.rt_block)
    i.rt_chk_robin                           0x08001b1c   Section        0  rt_robin.o(i.rt_chk_robin)
    i.rt_dec_dly                             0x08001b64   Section        0  rt_list.o(i.rt_dec_dly)
    i.rt_dispatch                            0x08001bd4   Section        0  rt_task.o(i.rt_dispatch)
    i.rt_evt_clr                             0x08001c18   Section        0  rt_event.o(i.rt_evt_clr)
    i.rt_evt_psh                             0x08001c34   Section        0  rt_event.o(i.rt_evt_psh)
    i.rt_evt_set                             0x08001c84   Section        0  rt_event.o(i.rt_evt_set)
    i.rt_evt_wait                            0x08001ce0   Section        0  rt_event.o(i.rt_evt_wait)
    i.rt_free_box                            0x08001d1c   Section        0  rt_membox.o(i.rt_free_box)
    i.rt_free_mem                            0x08001d48   Section        0  rt_memory.o(i.rt_free_mem)
    i.rt_get_first                           0x08001d70   Section        0  rt_list.o(i.rt_get_first)
    i.rt_get_same_rdy_prio                   0x08001d98   Section        0  rt_list.o(i.rt_get_same_rdy_prio)
    i.rt_id2obj                              0x08001dbc   Section        0  rt_cmsis.o(i.rt_id2obj)
    rt_id2obj                                0x08001dbd   Thumb Code     8  rt_cmsis.o(i.rt_id2obj)
    i.rt_init_context                        0x08001dc4   Section        0  rt_task.o(i.rt_init_context)
    rt_init_context                          0x08001dc5   Thumb Code    66  rt_task.o(i.rt_init_context)
    i.rt_init_mem                            0x08001e0c   Section        0  rt_memory.o(i.rt_init_mem)
    i.rt_init_robin                          0x08001e28   Section        0  rt_robin.o(i.rt_init_robin)
    i.rt_init_stack                          0x08001e40   Section        0  hal_cm.o(i.rt_init_stack)
    i.rt_mbx_check                           0x08001ec0   Section        0  rt_mailbox.o(i.rt_mbx_check)
    i.rt_mbx_init                            0x08001ec8   Section        0  rt_mailbox.o(i.rt_mbx_init)
    i.rt_mbx_psh                             0x08001ee4   Section        0  rt_mailbox.o(i.rt_mbx_psh)
    i.rt_mbx_wait                            0x08001fd4   Section        0  rt_mailbox.o(i.rt_mbx_wait)
    i.rt_ms2tick                             0x08002088   Section        0  rt_cmsis.o(i.rt_ms2tick)
    rt_ms2tick                               0x08002089   Thumb Code    58  rt_cmsis.o(i.rt_ms2tick)
    i.rt_mut_release                         0x080020cc   Section        0  rt_mutex.o(i.rt_mut_release)
    i.rt_mut_wait                            0x080021a4   Section        0  rt_mutex.o(i.rt_mut_wait)
    i.rt_pop_req                             0x0800220c   Section        0  rt_system.o(i.rt_pop_req)
    i.rt_psh_req                             0x08002288   Section        0  rt_system.o(i.rt_psh_req)
    i.rt_psq_enq                             0x080022a8   Section        0  rt_list.o(i.rt_psq_enq)
    i.rt_put_dly                             0x08002304   Section        0  rt_list.o(i.rt_put_dly)
    i.rt_put_prio                            0x0800234c   Section        0  rt_list.o(i.rt_put_prio)
    i.rt_put_rdy_first                       0x08002384   Section        0  rt_list.o(i.rt_put_rdy_first)
    i.rt_resort_prio                         0x08002398   Section        0  rt_list.o(i.rt_resort_prio)
    i.rt_ret_regs                            0x080023cc   Section        0  hal_cm.o(i.rt_ret_regs)
    rt_ret_regs                              0x080023cd   Thumb Code    16  hal_cm.o(i.rt_ret_regs)
    i.rt_ret_val                             0x080023dc   Section        0  hal_cm.o(i.rt_ret_val)
    i.rt_ret_val2                            0x080023e8   Section        0  hal_cm.o(i.rt_ret_val2)
    i.rt_rmv_dly                             0x080023f8   Section        0  rt_list.o(i.rt_rmv_dly)
    i.rt_rmv_list                            0x08002420   Section        0  rt_list.o(i.rt_rmv_list)
    i.rt_sem_psh                             0x08002450   Section        0  rt_semaphore.o(i.rt_sem_psh)
    i.rt_stk_check                           0x08002484   Section        0  rt_system.o(i.rt_stk_check)
    i.rt_switch_req                          0x080024a8   Section        0  rt_task.o(i.rt_switch_req)
    i.rt_sys_init                            0x080024d0   Section        0  rt_task.o(i.rt_sys_init)
    i.rt_sys_start                           0x0800259c   Section        0  rt_task.o(i.rt_sys_start)
    i.rt_systick                             0x08002614   Section        0  rt_system.o(i.rt_systick)
    i.rt_tid2ptcb                            0x08002654   Section        0  rt_cmsis.o(i.rt_tid2ptcb)
    rt_tid2ptcb                              0x08002655   Thumb Code    18  rt_cmsis.o(i.rt_tid2ptcb)
    i.rt_timer_insert                        0x08002668   Section        0  rt_cmsis.o(i.rt_timer_insert)
    rt_timer_insert                          0x08002669   Thumb Code    48  rt_cmsis.o(i.rt_timer_insert)
    i.rt_tsk_create                          0x0800269c   Section        0  rt_task.o(i.rt_tsk_create)
    i.rt_tsk_delete                          0x08002724   Section        0  rt_task.o(i.rt_tsk_delete)
    i.rt_tsk_pass                            0x080028a0   Section        0  rt_task.o(i.rt_tsk_pass)
    i.rt_tsk_prio                            0x080028d0   Section        0  rt_task.o(i.rt_tsk_prio)
    i.rt_tsk_self                            0x0800294c   Section        0  rt_task.o(i.rt_tsk_self)
    i.svcKernelInitialize                    0x0800295c   Section        0  rt_cmsis.o(i.svcKernelInitialize)
    i.svcKernelStart                         0x080029cc   Section        0  rt_cmsis.o(i.svcKernelStart)
    i.svcMessageCreate                       0x08002a14   Section        0  rt_cmsis.o(i.svcMessageCreate)
    i.svcMessageGet                          0x08002a38   Section        0  rt_cmsis.o(i.svcMessageGet)
    i.svcSignalClear                         0x08002a72   Section        0  rt_cmsis.o(i.svcSignalClear)
    i.svcSignalSet                           0x08002a96   Section        0  rt_cmsis.o(i.svcSignalSet)
    i.svcSignalWait                          0x08002abc   Section        0  rt_cmsis.o(i.svcSignalWait)
    i.svcThreadCreate                        0x08002b10   Section        0  rt_cmsis.o(i.svcThreadCreate)
    i.svcThreadGetId                         0x08002b80   Section        0  rt_cmsis.o(i.svcThreadGetId)
    i.svcThreadTerminate                     0x08002b9c   Section        0  rt_cmsis.o(i.svcThreadTerminate)
    i.svcThreadYield                         0x08002bd4   Section        0  rt_cmsis.o(i.svcThreadYield)
    i.svcTimerCall                           0x08002bde   Section        0  rt_cmsis.o(i.svcTimerCall)
    i.sysTimerTick                           0x08002bf8   Section        0  rt_cmsis.o(i.sysTimerTick)
    x$fpl$fpinit                             0x08002c54   Section       10  fpinit.o(x$fpl$fpinit)
    $v0                                      0x08002c54   Number         0  fpinit.o(x$fpl$fpinit)
    .constdata                               0x08002c60   Section       32  thread.o(.constdata)
    .constdata                               0x08002c80   Section       86  rtx_conf_cm.o(.constdata)
    __tagsym$$used                           0x08002c9c   Number         0  rtx_conf_cm.o(.constdata)
    __tagsym$$used                           0x08002ca0   Number         0  rtx_conf_cm.o(.constdata)
    __tagsym$$used                           0x08002ca4   Number         0  rtx_conf_cm.o(.constdata)
    __tagsym$$used                           0x08002ca8   Number         0  rtx_conf_cm.o(.constdata)
    .data                                    0x20000000   Section        8  thread.o(.data)
    .data                                    0x20000008   Section        1  my_headers.o(.data)
    .data                                    0x2000000c   Section       36  rtx_conf_cm.o(.data)
    nr_mutex                                 0x2000001c   Data           4  rtx_conf_cm.o(.data)
    .data                                    0x20000030   Section        4  stm32f4xx_hal.o(.data)
    .data                                    0x20000034   Section        8  rt_cmsis.o(.data)
    .data                                    0x2000003c   Section        8  rt_task.o(.data)
    .data                                    0x20000044   Section        8  rt_system.o(.data)
    os_lock                                  0x20000044   Data           1  rt_system.o(.data)
    os_psh_flag                              0x20000045   Data           1  rt_system.o(.data)
    pend_flags                               0x20000046   Data           1  rt_system.o(.data)
    .data                                    0x2000004c   Section        4  rt_time.o(.data)
    .data                                    0x20000050   Section        8  rt_robin.o(.data)
    .data                                    0x20000058   Section        1  hal_cm.o(.data)
    .bss                                     0x2000005c   Section       88  my_headers.o(.bss)
    .bss                                     0x200000b8   Section     3016  rtx_conf_cm.o(.bss)
    std_libspace                             0x20000960   Data         672  rtx_conf_cm.o(.bss)
    std_libmutex                             0x20000c00   Data         128  rtx_conf_cm.o(.bss)
    .bss                                     0x20000c80   Section       52  rt_task.o(.bss)
    .bss                                     0x20000cb4   Section       48  rt_list.o(.bss)
    .bss                                     0x20000ce4   Section       96  libspace.o(.bss)
    HEAP                                     0x20000d48   Section      512  startup_stm32f407xx.o(HEAP)
    Heap_Mem                                 0x20000d48   Data         512  startup_stm32f407xx.o(HEAP)
    STACK                                    0x20000f48   Section     1024  startup_stm32f407xx.o(STACK)
    Stack_Mem                                0x20000f48   Data        1024  startup_stm32f407xx.o(STACK)
    __initial_sp                             0x20001348   Data           0  startup_stm32f407xx.o(STACK)

    Global Symbols

    Symbol Name                              Value     Ov Type        Size  Object(Section)

    BuildAttributes$$THM_ISAv4$E$P$D$K$B$S$7EM$VFPi3$EXTD16$VFPS$VFMA$PE$A:L22UL41UL21$X:L11$S22US41US21$IEEE1$IW$USESV6$~STKCKD$USESV7$~SHL$OSPACE$ROPI$EBA8$UX$STANDARDLIB$REQ8$PRES8$EABIv2 0x00000000   Number         0  anon$$obj.o ABSOLUTE
    __ARM_use_no_argv                        0x00000000   Number         0  main.o ABSOLUTE
    __ARM_exceptions_init                     - Undefined Weak Reference
    __alloca_initialize                       - Undefined Weak Reference
    __arm_preinit_                            - Undefined Weak Reference
    __cpp_initialize__aeabi_                  - Undefined Weak Reference
    __cxa_finalize                            - Undefined Weak Reference
    __rt_locale                               - Undefined Weak Reference
    __sigvec_lookup                           - Undefined Weak Reference
    _atexit_init                              - Undefined Weak Reference
    _call_atexit_fns                          - Undefined Weak Reference
    _clock_init                               - Undefined Weak Reference
    _fp_trap_init                             - Undefined Weak Reference
    _fp_trap_shutdown                         - Undefined Weak Reference
    _get_lc_collate                           - Undefined Weak Reference
    _get_lc_ctype                             - Undefined Weak Reference
    _get_lc_monetary                          - Undefined Weak Reference
    _get_lc_numeric                           - Undefined Weak Reference
    _get_lc_time                              - Undefined Weak Reference
    _getenv_init                              - Undefined Weak Reference
    _handle_redirection                       - Undefined Weak Reference
    _init_alloc                               - Undefined Weak Reference
    _init_user_alloc                          - Undefined Weak Reference
    _initio                                   - Undefined Weak Reference
    _rand_init                                - Undefined Weak Reference
    _signal_finish                            - Undefined Weak Reference
    _signal_init                              - Undefined Weak Reference
    _terminate_alloc                          - Undefined Weak Reference
    _terminate_user_alloc                     - Undefined Weak Reference
    _terminateio                              - Undefined Weak Reference
    __Vectors_Size                           0x00000188   Number         0  startup_stm32f407xx.o ABSOLUTE
    __RL_RTX_VER                             0x00000480   Number         0  rt_system.o ABSOLUTE
    __Vectors                                0x08000000   Data           4  startup_stm32f407xx.o(RESET)
    __Vectors_End                            0x08000188   Data           0  startup_stm32f407xx.o(RESET)
    __main                                   0x08000189   Thumb Code     8  __main.o(!!!main)
    __scatterload                            0x08000191   Thumb Code     0  __scatter.o(!!!scatter)
    __scatterload_rt2                        0x08000191   Thumb Code    44  __scatter.o(!!!scatter)
    __scatterload_rt2_thumb_only             0x08000191   Thumb Code     0  __scatter.o(!!!scatter)
    __scatterload_null                       0x0800019f   Thumb Code     0  __scatter.o(!!!scatter)
    __scatterload_copy                       0x080001c5   Thumb Code    26  __scatter_copy.o(!!handler_copy)
    __scatterload_zeroinit                   0x080001e1   Thumb Code    28  __scatter_zi.o(!!handler_zi)
    __rt_lib_init                            0x080001fd   Thumb Code     0  libinit.o(.ARM.Collect$$libinit$$00000000)
    __rt_lib_init_fp_1                       0x080001ff   Thumb Code     0  libinit2.o(.ARM.Collect$$libinit$$00000001)
    __rt_lib_init_alloca_1                   0x08000203   Thumb Code     0  libinit2.o(.ARM.Collect$$libinit$$0000002E)
    __rt_lib_init_argv_1                     0x08000203   Thumb Code     0  libinit2.o(.ARM.Collect$$libinit$$0000002C)
    __rt_lib_init_atexit_1                   0x08000203   Thumb Code     0  libinit2.o(.ARM.Collect$$libinit$$0000001B)
    __rt_lib_init_clock_1                    0x08000203   Thumb Code     0  libinit2.o(.ARM.Collect$$libinit$$00000021)
    __rt_lib_init_cpp_1                      0x08000203   Thumb Code     0  libinit2.o(.ARM.Collect$$libinit$$00000032)
    __rt_lib_init_exceptions_1               0x08000203   Thumb Code     0  libinit2.o(.ARM.Collect$$libinit$$00000030)
    __rt_lib_init_fp_trap_1                  0x08000203   Thumb Code     0  libinit2.o(.ARM.Collect$$libinit$$0000001F)
    __rt_lib_init_getenv_1                   0x08000203   Thumb Code     0  libinit2.o(.ARM.Collect$$libinit$$00000023)
    __rt_lib_init_heap_1                     0x08000203   Thumb Code     0  libinit2.o(.ARM.Collect$$libinit$$0000000A)
    __rt_lib_init_lc_collate_1               0x08000203   Thumb Code     0  libinit2.o(.ARM.Collect$$libinit$$00000011)
    __rt_lib_init_lc_ctype_1                 0x08000203   Thumb Code     0  libinit2.o(.ARM.Collect$$libinit$$00000013)
    __rt_lib_init_lc_monetary_1              0x08000203   Thumb Code     0  libinit2.o(.ARM.Collect$$libinit$$00000015)
    __rt_lib_init_lc_numeric_1               0x08000203   Thumb Code     0  libinit2.o(.ARM.Collect$$libinit$$00000017)
    __rt_lib_init_lc_time_1                  0x08000203   Thumb Code     0  libinit2.o(.ARM.Collect$$libinit$$00000019)
    __rt_lib_init_preinit_1                  0x08000203   Thumb Code     0  libinit2.o(.ARM.Collect$$libinit$$00000004)
    __rt_lib_init_rand_1                     0x08000203   Thumb Code     0  libinit2.o(.ARM.Collect$$libinit$$0000000E)
    __rt_lib_init_return                     0x08000203   Thumb Code     0  libinit2.o(.ARM.Collect$$libinit$$00000033)
    __rt_lib_init_signal_1                   0x08000203   Thumb Code     0  libinit2.o(.ARM.Collect$$libinit$$0000001D)
    __rt_lib_init_stdio_1                    0x08000203   Thumb Code     0  libinit2.o(.ARM.Collect$$libinit$$00000025)
    __rt_lib_init_user_alloc_1               0x08000203   Thumb Code     0  libinit2.o(.ARM.Collect$$libinit$$0000000C)
    __rt_lib_shutdown                        0x08000205   Thumb Code     0  libshutdown.o(.ARM.Collect$$libshutdown$$00000000)
    __rt_lib_shutdown_cpp_1                  0x08000207   Thumb Code     0  libshutdown2.o(.ARM.Collect$$libshutdown$$00000002)
    __rt_lib_shutdown_fp_trap_1              0x08000207   Thumb Code     0  libshutdown2.o(.ARM.Collect$$libshutdown$$00000007)
    __rt_lib_shutdown_heap_1                 0x08000207   Thumb Code     0  libshutdown2.o(.ARM.Collect$$libshutdown$$0000000F)
    __rt_lib_shutdown_return                 0x08000207   Thumb Code     0  libshutdown2.o(.ARM.Collect$$libshutdown$$00000010)
    __rt_lib_shutdown_signal_1               0x08000207   Thumb Code     0  libshutdown2.o(.ARM.Collect$$libshutdown$$0000000A)
    __rt_lib_shutdown_stdio_1                0x08000207   Thumb Code     0  libshutdown2.o(.ARM.Collect$$libshutdown$$00000004)
    __rt_lib_shutdown_user_alloc_1           0x08000207   Thumb Code     0  libshutdown2.o(.ARM.Collect$$libshutdown$$0000000C)
    __rt_entry                               0x08000209   Thumb Code     0  __rtentry.o(.ARM.Collect$$rtentry$$00000000)
    __rt_entry_presh_1                       0x08000209   Thumb Code     0  __rtentry2.o(.ARM.Collect$$rtentry$$00000002)
    __rt_entry_sh                            0x08000209   Thumb Code     0  __rtentry4.o(.ARM.Collect$$rtentry$$00000004)
    __rt_entry_li                            0x0800020f   Thumb Code     0  __rtentry2.o(.ARM.Collect$$rtentry$$0000000A)
    __rt_entry_postsh_1                      0x0800020f   Thumb Code     0  __rtentry2.o(.ARM.Collect$$rtentry$$00000009)
    __rt_entry_postli_1                      0x08000213   Thumb Code     0  __rtentry2.o(.ARM.Collect$$rtentry$$0000000B)
    __rt_entry_main                          0x0800021b   Thumb Code     0  __rtentry2.o(.ARM.Collect$$rtentry$$0000000D)
    __rt_exit                                0x08000223   Thumb Code     0  rtexit.o(.ARM.Collect$$rtexit$$00000000)
    __rt_exit_ls                             0x08000225   Thumb Code     0  rtexit2.o(.ARM.Collect$$rtexit$$00000003)
    __rt_exit_prels_1                        0x08000225   Thumb Code     0  rtexit2.o(.ARM.Collect$$rtexit$$00000002)
    __rt_exit_exit                           0x08000229   Thumb Code     0  rtexit2.o(.ARM.Collect$$rtexit$$00000004)
    _platform_post_lib_init                  0x08000231   Thumb Code    24  rtx_conf_cm.o(.emb_text)
    rt_set_PSP                               0x0800024d   Thumb Code     6  hal_cm4.o(.emb_text)
    rt_get_PSP                               0x08000253   Thumb Code     6  hal_cm4.o(.emb_text)
    os_set_env                               0x08000259   Thumb Code    24  hal_cm4.o(.emb_text)
    _alloc_box                               0x08000275   Thumb Code    28  hal_cm4.o(.emb_text)
    _free_box                                0x08000295   Thumb Code    28  hal_cm4.o(.emb_text)
    SVC_Handler                              0x080002b5   Thumb Code   168  hal_cm4.o(.emb_text)
    PendSV_Handler                           0x0800036d   Thumb Code    96  hal_cm4.o(.emb_text)
    SysTick_Handler                          0x080003d1   Thumb Code     8  hal_cm4.o(.emb_text)
    OS_Tick_Handler                          0x080003d9   Thumb Code    12  hal_cm4.o(.emb_text)
    Reset_Handler                            0x080003e5   Thumb Code     8  startup_stm32f407xx.o(.text)
    NMI_Handler                              0x080003ed   Thumb Code     2  startup_stm32f407xx.o(.text)
    HardFault_Handler                        0x080003ef   Thumb Code     2  startup_stm32f407xx.o(.text)
    MemManage_Handler                        0x080003f1   Thumb Code     2  startup_stm32f407xx.o(.text)
    BusFault_Handler                         0x080003f3   Thumb Code     2  startup_stm32f407xx.o(.text)
    UsageFault_Handler                       0x080003f5   Thumb Code     2  startup_stm32f407xx.o(.text)
    DebugMon_Handler                         0x080003f9   Thumb Code     2  startup_stm32f407xx.o(.text)
    ADC_IRQHandler                           0x080003ff   Thumb Code     0  startup_stm32f407xx.o(.text)
    CAN1_RX0_IRQHandler                      0x080003ff   Thumb Code     0  startup_stm32f407xx.o(.text)
    CAN1_RX1_IRQHandler                      0x080003ff   Thumb Code     0  startup_stm32f407xx.o(.text)
    CAN1_SCE_IRQHandler                      0x080003ff   Thumb Code     0  startup_stm32f407xx.o(.text)
    CAN1_TX_IRQHandler                       0x080003ff   Thumb Code     0  startup_stm32f407xx.o(.text)
    CAN2_RX0_IRQHandler                      0x080003ff   Thumb Code     0  startup_stm32f407xx.o(.text)
    CAN2_RX1_IRQHandler                      0x080003ff   Thumb Code     0  startup_stm32f407xx.o(.text)
    CAN2_SCE_IRQHandler                      0x080003ff   Thumb Code     0  startup_stm32f407xx.o(.text)
    CAN2_TX_IRQHandler                       0x080003ff   Thumb Code     0  startup_stm32f407xx.o(.text)
    DCMI_IRQHandler                          0x080003ff   Thumb Code     0  startup_stm32f407xx.o(.text)
    DMA1_Stream0_IRQHandler                  0x080003ff   Thumb Code     0  startup_stm32f407xx.o(.text)
    DMA1_Stream1_IRQHandler                  0x080003ff   Thumb Code     0  startup_stm32f407xx.o(.text)
    DMA1_Stream2_IRQHandler                  0x080003ff   Thumb Code     0  startup_stm32f407xx.o(.text)
    DMA1_Stream3_IRQHandler                  0x080003ff   Thumb Code     0  startup_stm32f407xx.o(.text)
    DMA1_Stream4_IRQHandler                  0x080003ff   Thumb Code     0  startup_stm32f407xx.o(.text)
    DMA1_Stream5_IRQHandler                  0x080003ff   Thumb Code     0  startup_stm32f407xx.o(.text)
    DMA1_Stream6_IRQHandler                  0x080003ff   Thumb Code     0  startup_stm32f407xx.o(.text)
    DMA1_Stream7_IRQHandler                  0x080003ff   Thumb Code     0  startup_stm32f407xx.o(.text)
    DMA2_Stream0_IRQHandler                  0x080003ff   Thumb Code     0  startup_stm32f407xx.o(.text)
    DMA2_Stream1_IRQHandler                  0x080003ff   Thumb Code     0  startup_stm32f407xx.o(.text)
    DMA2_Stream2_IRQHandler                  0x080003ff   Thumb Code     0  startup_stm32f407xx.o(.text)
    DMA2_Stream3_IRQHandler                  0x080003ff   Thumb Code     0  startup_stm32f407xx.o(.text)
    DMA2_Stream4_IRQHandler                  0x080003ff   Thumb Code     0  startup_stm32f407xx.o(.text)
    DMA2_Stream5_IRQHandler                  0x080003ff   Thumb Code     0  startup_stm32f407xx.o(.text)
    DMA2_Stream6_IRQHandler                  0x080003ff   Thumb Code     0  startup_stm32f407xx.o(.text)
    DMA2_Stream7_IRQHandler                  0x080003ff   Thumb Code     0  startup_stm32f407xx.o(.text)
    ETH_IRQHandler                           0x080003ff   Thumb Code     0  startup_stm32f407xx.o(.text)
    ETH_WKUP_IRQHandler                      0x080003ff   Thumb Code     0  startup_stm32f407xx.o(.text)
    EXTI15_10_IRQHandler                     0x080003ff   Thumb Code     0  startup_stm32f407xx.o(.text)
    EXTI1_IRQHandler                         0x080003ff   Thumb Code     0  startup_stm32f407xx.o(.text)
    EXTI2_IRQHandler                         0x080003ff   Thumb Code     0  startup_stm32f407xx.o(.text)
    EXTI3_IRQHandler                         0x080003ff   Thumb Code     0  startup_stm32f407xx.o(.text)
    EXTI4_IRQHandler                         0x080003ff   Thumb Code     0  startup_stm32f407xx.o(.text)
    EXTI9_5_IRQHandler                       0x080003ff   Thumb Code     0  startup_stm32f407xx.o(.text)
    FLASH_IRQHandler                         0x080003ff   Thumb Code     0  startup_stm32f407xx.o(.text)
    FMC_IRQHandler                           0x080003ff   Thumb Code     0  startup_stm32f407xx.o(.text)
    FPU_IRQHandler                           0x080003ff   Thumb Code     0  startup_stm32f407xx.o(.text)
    HASH_RNG_IRQHandler                      0x080003ff   Thumb Code     0  startup_stm32f407xx.o(.text)
    I2C1_ER_IRQHandler                       0x080003ff   Thumb Code     0  startup_stm32f407xx.o(.text)
    I2C1_EV_IRQHandler                       0x080003ff   Thumb Code     0  startup_stm32f407xx.o(.text)
    I2C2_ER_IRQHandler                       0x080003ff   Thumb Code     0  startup_stm32f407xx.o(.text)
    I2C2_EV_IRQHandler                       0x080003ff   Thumb Code     0  startup_stm32f407xx.o(.text)
    I2C3_ER_IRQHandler                       0x080003ff   Thumb Code     0  startup_stm32f407xx.o(.text)
    I2C3_EV_IRQHandler                       0x080003ff   Thumb Code     0  startup_stm32f407xx.o(.text)
    OTG_FS_IRQHandler                        0x080003ff   Thumb Code     0  startup_stm32f407xx.o(.text)
    OTG_FS_WKUP_IRQHandler                   0x080003ff   Thumb Code     0  startup_stm32f407xx.o(.text)
    OTG_HS_EP1_IN_IRQHandler                 0x080003ff   Thumb Code     0  startup_stm32f407xx.o(.text)
    OTG_HS_EP1_OUT_IRQHandler                0x080003ff   Thumb Code     0  startup_stm32f407xx.o(.text)
    OTG_HS_IRQHandler                        0x080003ff   Thumb Code     0  startup_stm32f407xx.o(.text)
    OTG_HS_WKUP_IRQHandler                   0x080003ff   Thumb Code     0  startup_stm32f407xx.o(.text)
    PVD_IRQHandler                           0x080003ff   Thumb Code     0  startup_stm32f407xx.o(.text)
    RCC_IRQHandler                           0x080003ff   Thumb Code     0  startup_stm32f407xx.o(.text)
    RTC_Alarm_IRQHandler                     0x080003ff   Thumb Code     0  startup_stm32f407xx.o(.text)
    RTC_WKUP_IRQHandler                      0x080003ff   Thumb Code     0  startup_stm32f407xx.o(.text)
    SDIO_IRQHandler                          0x080003ff   Thumb Code     0  startup_stm32f407xx.o(.text)
    SPI1_IRQHandler                          0x080003ff   Thumb Code     0  startup_stm32f407xx.o(.text)
    SPI2_IRQHandler                          0x080003ff   Thumb Code     0  startup_stm32f407xx.o(.text)
    SPI3_IRQHandler                          0x080003ff   Thumb Code     0  startup_stm32f407xx.o(.text)
    TAMP_STAMP_IRQHandler                    0x080003ff   Thumb Code     0  startup_stm32f407xx.o(.text)
    TIM1_BRK_TIM9_IRQHandler                 0x080003ff   Thumb Code     0  startup_stm32f407xx.o(.text)
    TIM1_CC_IRQHandler                       0x080003ff   Thumb Code     0  startup_stm32f407xx.o(.text)
    TIM1_TRG_COM_TIM11_IRQHandler            0x080003ff   Thumb Code     0  startup_stm32f407xx.o(.text)
    TIM1_UP_TIM10_IRQHandler                 0x080003ff   Thumb Code     0  startup_stm32f407xx.o(.text)
    TIM2_IRQHandler                          0x080003ff   Thumb Code     0  startup_stm32f407xx.o(.text)
    TIM3_IRQHandler                          0x080003ff   Thumb Code     0  startup_stm32f407xx.o(.text)
    TIM4_IRQHandler                          0x080003ff   Thumb Code     0  startup_stm32f407xx.o(.text)
    TIM5_IRQHandler                          0x080003ff   Thumb Code     0  startup_stm32f407xx.o(.text)
    TIM6_DAC_IRQHandler                      0x080003ff   Thumb Code     0  startup_stm32f407xx.o(.text)
    TIM7_IRQHandler                          0x080003ff   Thumb Code     0  startup_stm32f407xx.o(.text)
    TIM8_BRK_TIM12_IRQHandler                0x080003ff   Thumb Code     0  startup_stm32f407xx.o(.text)
    TIM8_CC_IRQHandler                       0x080003ff   Thumb Code     0  startup_stm32f407xx.o(.text)
    TIM8_TRG_COM_TIM14_IRQHandler            0x080003ff   Thumb Code     0  startup_stm32f407xx.o(.text)
    TIM8_UP_TIM13_IRQHandler                 0x080003ff   Thumb Code     0  startup_stm32f407xx.o(.text)
    UART4_IRQHandler                         0x080003ff   Thumb Code     0  startup_stm32f407xx.o(.text)
    UART5_IRQHandler                         0x080003ff   Thumb Code     0  startup_stm32f407xx.o(.text)
    USART1_IRQHandler                        0x080003ff   Thumb Code     0  startup_stm32f407xx.o(.text)
    USART2_IRQHandler                        0x080003ff   Thumb Code     0  startup_stm32f407xx.o(.text)
    USART3_IRQHandler                        0x080003ff   Thumb Code     0  startup_stm32f407xx.o(.text)
    USART6_IRQHandler                        0x080003ff   Thumb Code     0  startup_stm32f407xx.o(.text)
    WWDG_IRQHandler                          0x080003ff   Thumb Code     0  startup_stm32f407xx.o(.text)
    __user_initial_stackheap                 0x08000401   Thumb Code     0  startup_stm32f407xx.o(.text)
    __user_libspace                          0x08000425   Thumb Code     8  libspace.o(.text)
    __user_perproc_libspace                  0x08000425   Thumb Code     0  libspace.o(.text)
    exit                                     0x0800042d   Thumb Code    18  exit.o(.text)
    __use_two_region_memory                  0x0800043f   Thumb Code     2  heapauxi.o(.text)
    __rt_heap_escrow$2region                 0x08000441   Thumb Code     2  heapauxi.o(.text)
    __rt_heap_expand$2region                 0x08000443   Thumb Code     2  heapauxi.o(.text)
    _sys_exit                                0x08000445   Thumb Code     8  sys_exit.o(.text)
    __user_setup_stackheap                   0x08000451   Thumb Code    74  sys_stackheap_outer.o(.text)
    __I$use$semihosting                      0x0800049b   Thumb Code     0  use_no_semi.o(.text)
    __use_no_semihosting_swi                 0x0800049b   Thumb Code     2  use_no_semi.o(.text)
    SVC_Count                                0x0800049c   Data           4  svc_table.o(SVC_TABLE)
    __semihosting_library_function           0x0800049d   Thumb Code     0  indicate_semi.o(.text)
    Blink_Red_LED_Thread                     0x080004a1   Thumb Code   306  thread.o(i.Blink_Red_LED_Thread)
    SVC_Table                                0x080004a0   Data           0  svc_table.o(SVC_TABLE)
    EXTI0_IRQHandler                         0x080005e9   Thumb Code   320  my_headers.o(i.EXTI0_IRQHandler)
    HAL_GPIO_Init                            0x08000739   Thumb Code   466  stm32f4xx_hal_gpio.o(i.HAL_GPIO_Init)
    HAL_GetTick                              0x08000939   Thumb Code     6  stm32f4xx_hal.o(i.HAL_GetTick)
    HAL_NVIC_ClearPendingIRQ                 0x08000945   Thumb Code    22  stm32f4xx_hal_cortex.o(i.HAL_NVIC_ClearPendingIRQ)
    HAL_NVIC_DisableIRQ                      0x08000961   Thumb Code    22  stm32f4xx_hal_cortex.o(i.HAL_NVIC_DisableIRQ)
    HAL_NVIC_SetPriority                     0x0800097d   Thumb Code   124  stm32f4xx_hal_cortex.o(i.HAL_NVIC_SetPriority)
    HAL_SPI_Init                             0x080009f9   Thumb Code   160  stm32f4xx_hal_spi.o(i.HAL_SPI_Init)
    HAL_SPI_MspInit                          0x08000a99   Thumb Code     2  stm32f4xx_hal_spi.o(i.HAL_SPI_MspInit)
    HAL_SPI_Receive                          0x08000a9b   Thumb Code   548  stm32f4xx_hal_spi.o(i.HAL_SPI_Receive)
    HAL_SPI_Transmit                         0x08000cbf   Thumb Code   480  stm32f4xx_hal_spi.o(i.HAL_SPI_Transmit)
    HAL_SPI_TransmitReceive                  0x08000e9f   Thumb Code   716  stm32f4xx_hal_spi.o(i.HAL_SPI_TransmitReceive)
    Init_Blink_Red_LED_Thread                0x0800116d   Thumb Code    30  thread.o(i.Init_Blink_Red_LED_Thread)
    Init_Tilt_Detector_Thread                0x08001195   Thumb Code    30  thread.o(i.Init_Tilt_Detector_Thread)
    InitialiseIRQ                            0x080011bd   Thumb Code    26  my_headers.o(i.InitialiseIRQ)
    Initialise_LED_BUTTON                    0x080011dd   Thumb Code   132  my_headers.o(i.Initialise_LED_BUTTON)
    Initialise_SPI                           0x08001269   Thumb Code   282  my_headers.o(i.Initialise_SPI)
    SystemInit                               0x080014a9   Thumb Code   318  system_stm32f4xx.o(i.SystemInit)
    Tilt_Detector_Thread                     0x08001601   Thumb Code   134  thread.o(i.Tilt_Detector_Thread)
    _init_box                                0x0800169d   Thumb Code    70  rt_membox.o(i._init_box)
    _mutex_acquire                           0x080016e5   Thumb Code    22  rtx_conf_cm.o(i._mutex_acquire)
    _mutex_release                           0x08001705   Thumb Code    18  rtx_conf_cm.o(i._mutex_release)
    dbg_init                                 0x08001721   Thumb Code    34  hal_cm.o(i.dbg_init)
    dbg_task_notify                          0x08001751   Thumb Code    32  hal_cm.o(i.dbg_task_notify)
    dbg_task_switch                          0x08001771   Thumb Code    16  hal_cm.o(i.dbg_task_switch)
    isrMessageGet                            0x08001781   Thumb Code    42  rt_cmsis.o(i.isrMessageGet)
    isrMessagePut                            0x080017ab   Thumb Code    44  rt_cmsis.o(i.isrMessagePut)
    isrSignalSet                             0x080017d7   Thumb Code    36  rt_cmsis.o(i.isrSignalSet)
    isr_evt_set                              0x080017fd   Thumb Code    34  rt_event.o(i.isr_evt_set)
    isr_mbx_receive                          0x08001825   Thumb Code    82  rt_mailbox.o(i.isr_mbx_receive)
    isr_mbx_send                             0x08001877   Thumb Code    14  rt_mailbox.o(i.isr_mbx_send)
    main                                     0x08001885   Thumb Code    42  main.o(i.main)
    osKernelInitialize                       0x080018b1   Thumb Code    30  rt_cmsis.o(i.osKernelInitialize)
    osKernelStart                            0x080018d5   Thumb Code    98  rt_cmsis.o(i.osKernelStart)
    osMessageGet                             0x08001941   Thumb Code    18  rt_cmsis.o(i.osMessageGet)
    osSignalClear                            0x08001959   Thumb Code    20  rt_cmsis.o(i.osSignalClear)
    osSignalSet                              0x08001971   Thumb Code    18  rt_cmsis.o(i.osSignalSet)
    osSignalWait                             0x08001989   Thumb Code    18  rt_cmsis.o(i.osSignalWait)
    osThreadCreate                           0x080019a1   Thumb Code    38  rt_cmsis.o(i.osThreadCreate)
    osThreadExit                             0x080019d1   Thumb Code    14  rt_cmsis.o(i.osThreadExit)
    osThreadYield                            0x080019e9   Thumb Code    18  rt_cmsis.o(i.osThreadYield)
    osTimerCall                              0x08001a01   Thumb Code     8  rt_cmsis.o(i.osTimerCall)
    osTimerThread                            0x08001a0d   Thumb Code    38  rt_cmsis.o(i.osTimerThread)
    os_error                                 0x08001a39   Thumb Code    34  rtx_conf_cm.o(i.os_error)
    os_idle_demon                            0x08001a5b   Thumb Code     4  rtx_conf_cm.o(i.os_idle_demon)
    os_tick_init                             0x08001a61   Thumb Code    32  rt_system.o(i.os_tick_init)
    os_tick_irqack                           0x08001a89   Thumb Code     2  rt_system.o(i.os_tick_irqack)
    rt_alloc_box                             0x08001a8b   Thumb Code    26  rt_membox.o(i.rt_alloc_box)
    rt_alloc_mem                             0x08001aa5   Thumb Code    62  rt_memory.o(i.rt_alloc_mem)
    rt_block                                 0x08001ae5   Thumb Code    48  rt_task.o(i.rt_block)
    rt_chk_robin                             0x08001b1d   Thumb Code    60  rt_robin.o(i.rt_chk_robin)
    rt_dec_dly                               0x08001b65   Thumb Code   102  rt_list.o(i.rt_dec_dly)
    rt_dispatch                              0x08001bd5   Thumb Code    60  rt_task.o(i.rt_dispatch)
    rt_evt_clr                               0x08001c19   Thumb Code    22  rt_event.o(i.rt_evt_clr)
    rt_evt_psh                               0x08001c35   Thumb Code    76  rt_event.o(i.rt_evt_psh)
    rt_evt_set                               0x08001c85   Thumb Code    88  rt_event.o(i.rt_evt_set)
    rt_evt_wait                              0x08001ce1   Thumb Code    56  rt_event.o(i.rt_evt_wait)
    rt_free_box                              0x08001d1d   Thumb Code    44  rt_membox.o(i.rt_free_box)
    rt_free_mem                              0x08001d49   Thumb Code    40  rt_memory.o(i.rt_free_mem)
    rt_get_first                             0x08001d71   Thumb Code    40  rt_list.o(i.rt_get_first)
    rt_get_same_rdy_prio                     0x08001d99   Thumb Code    26  rt_list.o(i.rt_get_same_rdy_prio)
    rt_init_mem                              0x08001e0d   Thumb Code    26  rt_memory.o(i.rt_init_mem)
    rt_init_robin                            0x08001e29   Thumb Code    14  rt_robin.o(i.rt_init_robin)
    rt_init_stack                            0x08001e41   Thumb Code   118  hal_cm.o(i.rt_init_stack)
    rt_mbx_check                             0x08001ec1   Thumb Code     8  rt_mailbox.o(i.rt_mbx_check)
    rt_mbx_init                              0x08001ec9   Thumb Code    26  rt_mailbox.o(i.rt_mbx_init)
    rt_mbx_psh                               0x08001ee5   Thumb Code   236  rt_mailbox.o(i.rt_mbx_psh)
    rt_mbx_wait                              0x08001fd5   Thumb Code   174  rt_mailbox.o(i.rt_mbx_wait)
    rt_mut_release                           0x080020cd   Thumb Code   208  rt_mutex.o(i.rt_mut_release)
    rt_mut_wait                              0x080021a5   Thumb Code   100  rt_mutex.o(i.rt_mut_wait)
    rt_pop_req                               0x0800220d   Thumb Code   112  rt_system.o(i.rt_pop_req)
    rt_psh_req                               0x08002289   Thumb Code    22  rt_system.o(i.rt_psh_req)
    rt_psq_enq                               0x080022a9   Thumb Code    88  rt_list.o(i.rt_psq_enq)
    rt_put_dly                               0x08002305   Thumb Code    68  rt_list.o(i.rt_put_dly)
    rt_put_prio                              0x0800234d   Thumb Code    54  rt_list.o(i.rt_put_prio)
    rt_put_rdy_first                         0x08002385   Thumb Code    14  rt_list.o(i.rt_put_rdy_first)
    rt_resort_prio                           0x08002399   Thumb Code    46  rt_list.o(i.rt_resort_prio)
    rt_ret_val                               0x080023dd   Thumb Code    12  hal_cm.o(i.rt_ret_val)
    rt_ret_val2                              0x080023e9   Thumb Code    16  hal_cm.o(i.rt_ret_val2)
    rt_rmv_dly                               0x080023f9   Thumb Code    40  rt_list.o(i.rt_rmv_dly)
    rt_rmv_list                              0x08002421   Thumb Code    44  rt_list.o(i.rt_rmv_list)
    rt_sem_psh                               0x08002451   Thumb Code    48  rt_semaphore.o(i.rt_sem_psh)
    rt_stk_check                             0x08002485   Thumb Code    28  rt_system.o(i.rt_stk_check)
    rt_switch_req                            0x080024a9   Thumb Code    30  rt_task.o(i.rt_switch_req)
    rt_sys_init                              0x080024d1   Thumb Code   138  rt_task.o(i.rt_sys_init)
    rt_sys_start                             0x0800259d   Thumb Code   110  rt_task.o(i.rt_sys_start)
    rt_systick                               0x08002615   Thumb Code    50  rt_system.o(i.rt_systick)
    rt_tsk_create                            0x0800269d   Thumb Code   118  rt_task.o(i.rt_tsk_create)
    rt_tsk_delete                            0x08002725   Thumb Code   352  rt_task.o(i.rt_tsk_delete)
    rt_tsk_pass                              0x080028a1   Thumb Code    38  rt_task.o(i.rt_tsk_pass)
    rt_tsk_prio                              0x080028d1   Thumb Code   108  rt_task.o(i.rt_tsk_prio)
    rt_tsk_self                              0x0800294d   Thumb Code    12  rt_task.o(i.rt_tsk_self)
    svcKernelInitialize                      0x0800295d   Thumb Code    80  rt_cmsis.o(i.svcKernelInitialize)
    svcKernelStart                           0x080029cd   Thumb Code    62  rt_cmsis.o(i.svcKernelStart)
    svcMessageCreate                         0x08002a15   Thumb Code    36  rt_cmsis.o(i.svcMessageCreate)
    svcMessageGet                            0x08002a39   Thumb Code    58  rt_cmsis.o(i.svcMessageGet)
    svcSignalClear                           0x08002a73   Thumb Code    36  rt_cmsis.o(i.svcSignalClear)
    svcSignalSet                             0x08002a97   Thumb Code    36  rt_cmsis.o(i.svcSignalSet)
    svcSignalWait                            0x08002abd   Thumb Code    80  rt_cmsis.o(i.svcSignalWait)
    svcThreadCreate                          0x08002b11   Thumb Code   100  rt_cmsis.o(i.svcThreadCreate)
    svcThreadGetId                           0x08002b81   Thumb Code    22  rt_cmsis.o(i.svcThreadGetId)
    svcThreadTerminate                       0x08002b9d   Thumb Code    50  rt_cmsis.o(i.svcThreadTerminate)
    svcThreadYield                           0x08002bd5   Thumb Code    10  rt_cmsis.o(i.svcThreadYield)
    svcTimerCall                             0x08002bdf   Thumb Code    24  rt_cmsis.o(i.svcTimerCall)
    sysTimerTick                             0x08002bf9   Thumb Code    84  rt_cmsis.o(i.sysTimerTick)
    _fp_init                                 0x08002c55   Thumb Code    10  fpinit.o(x$fpl$fpinit)
    __fplib_config_fpu_vfp                   0x08002c5d   Thumb Code     0  fpinit.o(x$fpl$fpinit)
    __fplib_config_pureend_doubles           0x08002c5d   Thumb Code     0  fpinit.o(x$fpl$fpinit)
    os_thread_def_Tilt_Detector_Thread       0x08002c60   Data          16  thread.o(.constdata)
    os_thread_def_Blink_Red_LED_Thread       0x08002c70   Data          16  thread.o(.constdata)
    os_maxtaskrun                            0x08002c80   Data           2  rtx_conf_cm.o(.constdata)
    os_stackinfo                             0x08002c84   Data           4  rtx_conf_cm.o(.constdata)
    os_rrobin                                0x08002c88   Data           4  rtx_conf_cm.o(.constdata)
    os_tickfreq                              0x08002c8c   Data           4  rtx_conf_cm.o(.constdata)
    os_tickus_i                              0x08002c90   Data           2  rtx_conf_cm.o(.constdata)
    os_tickus_f                              0x08002c92   Data           2  rtx_conf_cm.o(.constdata)
    os_trv                                   0x08002c94   Data           4  rtx_conf_cm.o(.constdata)
    os_flags                                 0x08002c98   Data           1  rtx_conf_cm.o(.constdata)
    CMSIS_RTOS_API_Version                   0x08002c9c   Data           4  rtx_conf_cm.o(.constdata)
    CMSIS_RTOS_RTX_Version                   0x08002ca0   Data           4  rtx_conf_cm.o(.constdata)
    os_clockrate                             0x08002ca4   Data           4  rtx_conf_cm.o(.constdata)
    os_timernum                              0x08002ca8   Data           4  rtx_conf_cm.o(.constdata)
    mp_tcb_size                              0x08002cac   Data           2  rtx_conf_cm.o(.constdata)
    mp_stk_size                              0x08002cb0   Data           4  rtx_conf_cm.o(.constdata)
    os_stack_sz                              0x08002cb4   Data           4  rtx_conf_cm.o(.constdata)
    os_fifo_size                             0x08002cb8   Data           1  rtx_conf_cm.o(.constdata)
    os_thread_def_osTimerThread              0x08002cbc   Data          16  rtx_conf_cm.o(.constdata)
    os_messageQ_def_osTimerMessageQ          0x08002ccc   Data           8  rtx_conf_cm.o(.constdata)
    mp_tmr_size                              0x08002cd4   Data           2  rtx_conf_cm.o(.constdata)
    Region$$Table$$Base                      0x08002cd8   Number         0  anon$$obj.o(Region$$Table)
    Region$$Table$$Limit                     0x08002cf8   Number         0  anon$$obj.o(Region$$Table)
    tid_Tilt_Detector_Thread                 0x20000000   Data           4  thread.o(.data)
    tid_Blink_Red_LED_Thread                 0x20000004   Data           4  thread.o(.data)
    EnableIdleLed                            0x20000008   Data           1  my_headers.o(.data)
    osThreadId_osTimerThread                 0x2000000c   Data           4  rtx_conf_cm.o(.data)
    osMessageQId_osTimerMessageQ             0x20000010   Data           4  rtx_conf_cm.o(.data)
    os_tmr                                   0x20000014   Data           4  rtx_conf_cm.o(.data)
    m_tmr                                    0x20000018   Data           4  rtx_conf_cm.o(.data)
    os_thread_def_main                       0x20000020   Data          16  rtx_conf_cm.o(.data)
    uwTick                                   0x20000030   Data           4  stm32f4xx_hal.o(.data)
    os_initialized                           0x20000034   Data           1  rt_cmsis.o(.data)
    os_running                               0x20000035   Data           1  rt_cmsis.o(.data)
    os_timer_head                            0x20000038   Data           4  rt_cmsis.o(.data)
    os_tsk                                   0x2000003c   Data           8  rt_task.o(.data)
    os_tick_irqn                             0x20000048   Data           4  rt_system.o(.data)
    os_time                                  0x2000004c   Data           4  rt_time.o(.data)
    os_robin                                 0x20000050   Data           8  rt_robin.o(.data)
    dbg_msg                                  0x20000058   Data           1  hal_cm.o(.data)
    SPI_Params                               0x2000005c   Data          88  my_headers.o(.bss)
    mp_tcb                                   0x200000b8   Data         376  rtx_conf_cm.o(.bss)
    mp_stk                                   0x20000230   Data        1216  rtx_conf_cm.o(.bss)
    os_stack_mem                             0x200006f0   Data         432  rtx_conf_cm.o(.bss)
    os_fifo                                  0x200008a0   Data         132  rtx_conf_cm.o(.bss)
    os_active_TCB                            0x20000924   Data          28  rtx_conf_cm.o(.bss)
    os_messageQ_q_osTimerMessageQ            0x20000940   Data          32  rtx_conf_cm.o(.bss)
    os_idle_TCB                              0x20000c80   Data          52  rt_task.o(.bss)
    os_rdy                                   0x20000cb4   Data          24  rt_list.o(.bss)
    os_dly                                   0x20000ccc   Data          24  rt_list.o(.bss)
    __libspace_start                         0x20000ce4   Data          96  libspace.o(.bss)
    __temporary_stack_top$libspace           0x20000d44   Data           0  libspace.o(.bss)



==============================================================================

Memory Map of the image

  Image Entry point : 0x080003e5

  Load Region LR_1 (Base: 0x08000000, Size: 0x00002d54, Max: 0xffffffff, ABSOLUTE)

    Execution Region ER_RO (Base: 0x08000000, Size: 0x00002cf8, Max: 0xffffffff, ABSOLUTE)

    Base Addr    Size         Type   Attr      Idx    E Section Name        Object

    0x08000000   0x00000188   Data   RO         2276    RESET               startup_stm32f407xx.o
    0x08000188   0x00000008   Code   RO         3548  * !!!main             c_w.l(__main.o)
    0x08000190   0x00000034   Code   RO         3709    !!!scatter          c_w.l(__scatter.o)
    0x080001c4   0x0000001a   Code   RO         3711    !!handler_copy      c_w.l(__scatter_copy.o)
    0x080001de   0x00000002   PAD
    0x080001e0   0x0000001c   Code   RO         3713    !!handler_zi        c_w.l(__scatter_zi.o)
    0x080001fc   0x00000002   Code   RO         3595    .ARM.Collect$$libinit$$00000000  c_w.l(libinit.o)
    0x080001fe   0x00000004   Code   RO         3606    .ARM.Collect$$libinit$$00000001  c_w.l(libinit2.o)
    0x08000202   0x00000000   Code   RO         3609    .ARM.Collect$$libinit$$00000004  c_w.l(libinit2.o)
    0x08000202   0x00000000   Code   RO         3612    .ARM.Collect$$libinit$$0000000A  c_w.l(libinit2.o)
    0x08000202   0x00000000   Code   RO         3614    .ARM.Collect$$libinit$$0000000C  c_w.l(libinit2.o)
    0x08000202   0x00000000   Code   RO         3616    .ARM.Collect$$libinit$$0000000E  c_w.l(libinit2.o)
    0x08000202   0x00000000   Code   RO         3619    .ARM.Collect$$libinit$$00000011  c_w.l(libinit2.o)
    0x08000202   0x00000000   Code   RO         3621    .ARM.Collect$$libinit$$00000013  c_w.l(libinit2.o)
    0x08000202   0x00000000   Code   RO         3623    .ARM.Collect$$libinit$$00000015  c_w.l(libinit2.o)
    0x08000202   0x00000000   Code   RO         3625    .ARM.Collect$$libinit$$00000017  c_w.l(libinit2.o)
    0x08000202   0x00000000   Code   RO         3627    .ARM.Collect$$libinit$$00000019  c_w.l(libinit2.o)
    0x08000202   0x00000000   Code   RO         3629    .ARM.Collect$$libinit$$0000001B  c_w.l(libinit2.o)
    0x08000202   0x00000000   Code   RO         3631    .ARM.Collect$$libinit$$0000001D  c_w.l(libinit2.o)
    0x08000202   0x00000000   Code   RO         3633    .ARM.Collect$$libinit$$0000001F  c_w.l(libinit2.o)
    0x08000202   0x00000000   Code   RO         3635    .ARM.Collect$$libinit$$00000021  c_w.l(libinit2.o)
    0x08000202   0x00000000   Code   RO         3637    .ARM.Collect$$libinit$$00000023  c_w.l(libinit2.o)
    0x08000202   0x00000000   Code   RO         3639    .ARM.Collect$$libinit$$00000025  c_w.l(libinit2.o)
    0x08000202   0x00000000   Code   RO         3643    .ARM.Collect$$libinit$$0000002C  c_w.l(libinit2.o)
    0x08000202   0x00000000   Code   RO         3645    .ARM.Collect$$libinit$$0000002E  c_w.l(libinit2.o)
    0x08000202   0x00000000   Code   RO         3647    .ARM.Collect$$libinit$$00000030  c_w.l(libinit2.o)
    0x08000202   0x00000000   Code   RO         3649    .ARM.Collect$$libinit$$00000032  c_w.l(libinit2.o)
    0x08000202   0x00000002   Code   RO         3650    .ARM.Collect$$libinit$$00000033  c_w.l(libinit2.o)
    0x08000204   0x00000002   Code   RO         3596    .ARM.Collect$$libshutdown$$00000000  c_w.l(libshutdown.o)
    0x08000206   0x00000000   Code   RO         3652    .ARM.Collect$$libshutdown$$00000002  c_w.l(libshutdown2.o)
    0x08000206   0x00000000   Code   RO         3654    .ARM.Collect$$libshutdown$$00000004  c_w.l(libshutdown2.o)
    0x08000206   0x00000000   Code   RO         3657    .ARM.Collect$$libshutdown$$00000007  c_w.l(libshutdown2.o)
    0x08000206   0x00000000   Code   RO         3660    .ARM.Collect$$libshutdown$$0000000A  c_w.l(libshutdown2.o)
    0x08000206   0x00000000   Code   RO         3662    .ARM.Collect$$libshutdown$$0000000C  c_w.l(libshutdown2.o)
    0x08000206   0x00000000   Code   RO         3665    .ARM.Collect$$libshutdown$$0000000F  c_w.l(libshutdown2.o)
    0x08000206   0x00000002   Code   RO         3666    .ARM.Collect$$libshutdown$$00000010  c_w.l(libshutdown2.o)
    0x08000208   0x00000000   Code   RO         3550    .ARM.Collect$$rtentry$$00000000  c_w.l(__rtentry.o)
    0x08000208   0x00000000   Code   RO         3558    .ARM.Collect$$rtentry$$00000002  c_w.l(__rtentry2.o)
    0x08000208   0x00000006   Code   RO         3570    .ARM.Collect$$rtentry$$00000004  c_w.l(__rtentry4.o)
    0x0800020e   0x00000000   Code   RO         3560    .ARM.Collect$$rtentry$$00000009  c_w.l(__rtentry2.o)
    0x0800020e   0x00000004   Code   RO         3561    .ARM.Collect$$rtentry$$0000000A  c_w.l(__rtentry2.o)
    0x08000212   0x00000008   Code   RO         3562    .ARM.Collect$$rtentry$$0000000B  c_w.l(__rtentry2.o)
    0x0800021a   0x00000008   Code   RO         3564    .ARM.Collect$$rtentry$$0000000D  c_w.l(__rtentry2.o)
    0x08000222   0x00000002   Code   RO         3551    .ARM.Collect$$rtexit$$00000000  c_w.l(rtexit.o)
    0x08000224   0x00000000   Code   RO         3573    .ARM.Collect$$rtexit$$00000002  c_w.l(rtexit2.o)
    0x08000224   0x00000004   Code   RO         3574    .ARM.Collect$$rtexit$$00000003  c_w.l(rtexit2.o)
    0x08000228   0x00000006   Code   RO         3575    .ARM.Collect$$rtexit$$00000004  c_w.l(rtexit2.o)
    0x0800022e   0x00000002   PAD
    0x08000230   0x0000001c   Code   RO          234    .emb_text           rtx_conf_cm.o
    0x0800024c   0x00000198   Code   RO         3524    .emb_text           RTX_CM4.lib(hal_cm4.o)
    0x080003e4   0x00000040   Code   RO         2277  * .text               startup_stm32f407xx.o
    0x08000424   0x00000008   Code   RO         3539    .text               c_w.l(libspace.o)
    0x0800042c   0x00000012   Code   RO         3544    .text               c_w.l(exit.o)
    0x0800043e   0x00000006   Code   RO         3546    .text               c_w.l(heapauxi.o)
    0x08000444   0x0000000c   Code   RO         3581    .text               c_w.l(sys_exit.o)
    0x08000450   0x0000004a   Code   RO         3583    .text               c_w.l(sys_stackheap_outer.o)
    0x0800049a   0x00000002   Code   RO         3597    .text               c_w.l(use_no_semi.o)
    0x0800049c   0x00000000   Code   RO         3599    .text               c_w.l(indicate_semi.o)
    0x0800049c   0x00000004   Code   RO         3534    SVC_TABLE           RTX_CM4.lib(svc_table.o)
    0x080004a0   0x00000148   Code   RO          138    i.Blink_Red_LED_Thread  thread.o
    0x080005e8   0x00000150   Code   RO          184    i.EXTI0_IRQHandler  my_headers.o
    0x08000738   0x00000200   Code   RO          720    i.HAL_GPIO_Init     stm32f4xx_hal_gpio.o
    0x08000938   0x0000000c   Code   RO          308    i.HAL_GetTick       stm32f4xx_hal.o
    0x08000944   0x0000001c   Code   RO          443    i.HAL_NVIC_ClearPendingIRQ  stm32f4xx_hal_cortex.o
    0x08000960   0x0000001c   Code   RO          444    i.HAL_NVIC_DisableIRQ  stm32f4xx_hal_cortex.o
    0x0800097c   0x0000007c   Code   RO          451    i.HAL_NVIC_SetPriority  stm32f4xx_hal_cortex.o
    0x080009f8   0x000000a0   Code   RO         1106    i.HAL_SPI_Init      stm32f4xx_hal_spi.o
    0x08000a98   0x00000002   Code   RO         1108    i.HAL_SPI_MspInit   stm32f4xx_hal_spi.o
    0x08000a9a   0x00000224   Code   RO         1109    i.HAL_SPI_Receive   stm32f4xx_hal_spi.o
    0x08000cbe   0x000001e0   Code   RO         1114    i.HAL_SPI_Transmit  stm32f4xx_hal_spi.o
    0x08000e9e   0x000002cc   Code   RO         1115    i.HAL_SPI_TransmitReceive  stm32f4xx_hal_spi.o
    0x0800116a   0x00000002   PAD
    0x0800116c   0x00000028   Code   RO          139    i.Init_Blink_Red_LED_Thread  thread.o
    0x08001194   0x00000028   Code   RO          140    i.Init_Tilt_Detector_Thread  thread.o
    0x080011bc   0x00000020   Code   RO          185    i.InitialiseIRQ     my_headers.o
    0x080011dc   0x0000008c   Code   RO          186    i.Initialise_LED_BUTTON  my_headers.o
    0x08001268   0x00000134   Code   RO          187    i.Initialise_SPI    my_headers.o
    0x0800139c   0x00000010   Code   RO          458    i.NVIC_GetPriorityGrouping  stm32f4xx_hal_cortex.o
    0x080013ac   0x00000028   Code   RO          459    i.NVIC_SetPriority  stm32f4xx_hal_cortex.o
    0x080013d4   0x00000028   Code   RO         1130    i.SPI_CheckFlag_BSY  stm32f4xx_hal_spi.o
    0x080013fc   0x000000aa   Code   RO         1148    i.SPI_WaitFlagStateUntilTimeout  stm32f4xx_hal_spi.o
    0x080014a6   0x00000002   PAD
    0x080014a8   0x00000158   Code   RO         2285    i.SystemInit        system_stm32f4xx.o
    0x08001600   0x0000009c   Code   RO          141    i.Tilt_Detector_Thread  thread.o
    0x0800169c   0x00000046   Code   RO         3418    i._init_box         RTX_CM4.lib(rt_membox.o)
    0x080016e2   0x00000002   PAD
    0x080016e4   0x00000020   Code   RO          236    i._mutex_acquire    rtx_conf_cm.o
    0x08001704   0x0000001c   Code   RO          238    i._mutex_release    rtx_conf_cm.o
    0x08001720   0x00000030   Code   RO         3471    i.dbg_init          RTX_CM4.lib(hal_cm.o)
    0x08001750   0x00000020   Code   RO         3472    i.dbg_task_notify   RTX_CM4.lib(hal_cm.o)
    0x08001770   0x00000010   Code   RO         3473    i.dbg_task_switch   RTX_CM4.lib(hal_cm.o)
    0x08001780   0x0000002a   Code   RO         2321    i.isrMessageGet     RTX_CM4.lib(rt_cmsis.o)
    0x080017aa   0x0000002c   Code   RO         2322    i.isrMessagePut     RTX_CM4.lib(rt_cmsis.o)
    0x080017d6   0x00000024   Code   RO         2324    i.isrSignalSet      RTX_CM4.lib(rt_cmsis.o)
    0x080017fa   0x00000002   PAD
    0x080017fc   0x00000028   Code   RO         3155    i.isr_evt_set       RTX_CM4.lib(rt_event.o)
    0x08001824   0x00000052   Code   RO         3273    i.isr_mbx_receive   RTX_CM4.lib(rt_mailbox.o)
    0x08001876   0x0000000e   Code   RO         3274    i.isr_mbx_send      RTX_CM4.lib(rt_mailbox.o)
    0x08001884   0x0000002a   Code   RO            4    i.main              main.o
    0x080018ae   0x00000002   PAD
    0x080018b0   0x00000024   Code   RO         2326    i.osKernelInitialize  RTX_CM4.lib(rt_cmsis.o)
    0x080018d4   0x0000006c   Code   RO         2328    i.osKernelStart     RTX_CM4.lib(rt_cmsis.o)
    0x08001940   0x00000018   Code   RO         2337    i.osMessageGet      RTX_CM4.lib(rt_cmsis.o)
    0x08001958   0x00000018   Code   RO         2351    i.osSignalClear     RTX_CM4.lib(rt_cmsis.o)
    0x08001970   0x00000018   Code   RO         2352    i.osSignalSet       RTX_CM4.lib(rt_cmsis.o)
    0x08001988   0x00000018   Code   RO         2353    i.osSignalWait      RTX_CM4.lib(rt_cmsis.o)
    0x080019a0   0x00000030   Code   RO         2354    i.osThreadCreate    RTX_CM4.lib(rt_cmsis.o)
    0x080019d0   0x00000018   Code   RO         2355    i.osThreadExit      RTX_CM4.lib(rt_cmsis.o)
    0x080019e8   0x00000018   Code   RO         2360    i.osThreadYield     RTX_CM4.lib(rt_cmsis.o)
    0x08001a00   0x0000000c   Code   RO         2361    i.osTimerCall       RTX_CM4.lib(rt_cmsis.o)
    0x08001a0c   0x0000002c   Code   RO         2366    i.osTimerThread     RTX_CM4.lib(rt_cmsis.o)
    0x08001a38   0x00000022   Code   RO          239    i.os_error          rtx_conf_cm.o
    0x08001a5a   0x00000004   Code   RO          240    i.os_idle_demon     rtx_conf_cm.o
    0x08001a5e   0x00000002   PAD
    0x08001a60   0x00000028   Code   RO         3065    i.os_tick_init      RTX_CM4.lib(rt_system.o)
    0x08001a88   0x00000002   Code   RO         3066    i.os_tick_irqack    RTX_CM4.lib(rt_system.o)
    0x08001a8a   0x0000001a   Code   RO         3419    i.rt_alloc_box      RTX_CM4.lib(rt_membox.o)
    0x08001aa4   0x0000003e   Code   RO         3447    i.rt_alloc_mem      RTX_CM4.lib(rt_memory.o)
    0x08001ae2   0x00000002   PAD
    0x08001ae4   0x00000038   Code   RO         2946    i.rt_block          RTX_CM4.lib(rt_task.o)
    0x08001b1c   0x00000048   Code   RO         3396    i.rt_chk_robin      RTX_CM4.lib(rt_robin.o)
    0x08001b64   0x00000070   Code   RO         3197    i.rt_dec_dly        RTX_CM4.lib(rt_list.o)
    0x08001bd4   0x00000044   Code   RO         2947    i.rt_dispatch       RTX_CM4.lib(rt_task.o)
    0x08001c18   0x0000001c   Code   RO         3156    i.rt_evt_clr        RTX_CM4.lib(rt_event.o)
    0x08001c34   0x00000050   Code   RO         3158    i.rt_evt_psh        RTX_CM4.lib(rt_event.o)
    0x08001c84   0x0000005c   Code   RO         3159    i.rt_evt_set        RTX_CM4.lib(rt_event.o)
    0x08001ce0   0x0000003c   Code   RO         3160    i.rt_evt_wait       RTX_CM4.lib(rt_event.o)
    0x08001d1c   0x0000002c   Code   RO         3420    i.rt_free_box       RTX_CM4.lib(rt_membox.o)
    0x08001d48   0x00000028   Code   RO         3448    i.rt_free_mem       RTX_CM4.lib(rt_memory.o)
    0x08001d70   0x00000028   Code   RO         3198    i.rt_get_first      RTX_CM4.lib(rt_list.o)
    0x08001d98   0x00000024   Code   RO         3199    i.rt_get_same_rdy_prio  RTX_CM4.lib(rt_list.o)
    0x08001dbc   0x00000008   Code   RO         2371    i.rt_id2obj         RTX_CM4.lib(rt_cmsis.o)
    0x08001dc4   0x00000048   Code   RO         2948    i.rt_init_context   RTX_CM4.lib(rt_task.o)
    0x08001e0c   0x0000001a   Code   RO         3449    i.rt_init_mem       RTX_CM4.lib(rt_memory.o)
    0x08001e26   0x00000002   PAD
    0x08001e28   0x00000018   Code   RO         3397    i.rt_init_robin     RTX_CM4.lib(rt_robin.o)
    0x08001e40   0x00000080   Code   RO         3474    i.rt_init_stack     RTX_CM4.lib(hal_cm.o)
    0x08001ec0   0x00000008   Code   RO         3275    i.rt_mbx_check      RTX_CM4.lib(rt_mailbox.o)
    0x08001ec8   0x0000001a   Code   RO         3276    i.rt_mbx_init       RTX_CM4.lib(rt_mailbox.o)
    0x08001ee2   0x00000002   PAD
    0x08001ee4   0x000000f0   Code   RO         3277    i.rt_mbx_psh        RTX_CM4.lib(rt_mailbox.o)
    0x08001fd4   0x000000b4   Code   RO         3279    i.rt_mbx_wait       RTX_CM4.lib(rt_mailbox.o)
    0x08002088   0x00000044   Code   RO         2372    i.rt_ms2tick        RTX_CM4.lib(rt_cmsis.o)
    0x080020cc   0x000000d8   Code   RO         3032    i.rt_mut_release    RTX_CM4.lib(rt_mutex.o)
    0x080021a4   0x00000068   Code   RO         3033    i.rt_mut_wait       RTX_CM4.lib(rt_mutex.o)
    0x0800220c   0x0000007c   Code   RO         3069    i.rt_pop_req        RTX_CM4.lib(rt_system.o)
    0x08002288   0x00000020   Code   RO         3070    i.rt_psh_req        RTX_CM4.lib(rt_system.o)
    0x080022a8   0x0000005c   Code   RO         3200    i.rt_psq_enq        RTX_CM4.lib(rt_list.o)
    0x08002304   0x00000048   Code   RO         3201    i.rt_put_dly        RTX_CM4.lib(rt_list.o)
    0x0800234c   0x00000036   Code   RO         3202    i.rt_put_prio       RTX_CM4.lib(rt_list.o)
    0x08002382   0x00000002   PAD
    0x08002384   0x00000014   Code   RO         3203    i.rt_put_rdy_first  RTX_CM4.lib(rt_list.o)
    0x08002398   0x00000034   Code   RO         3204    i.rt_resort_prio    RTX_CM4.lib(rt_list.o)
    0x080023cc   0x00000010   Code   RO         3475    i.rt_ret_regs       RTX_CM4.lib(hal_cm.o)
    0x080023dc   0x0000000c   Code   RO         3476    i.rt_ret_val        RTX_CM4.lib(hal_cm.o)
    0x080023e8   0x00000010   Code   RO         3477    i.rt_ret_val2       RTX_CM4.lib(hal_cm.o)
    0x080023f8   0x00000028   Code   RO         3205    i.rt_rmv_dly        RTX_CM4.lib(rt_list.o)
    0x08002420   0x00000030   Code   RO         3206    i.rt_rmv_list       RTX_CM4.lib(rt_list.o)
    0x08002450   0x00000034   Code   RO         3324    i.rt_sem_psh        RTX_CM4.lib(rt_semaphore.o)
    0x08002484   0x00000024   Code   RO         3072    i.rt_stk_check      RTX_CM4.lib(rt_system.o)
    0x080024a8   0x00000028   Code   RO         2949    i.rt_switch_req     RTX_CM4.lib(rt_task.o)
    0x080024d0   0x000000cc   Code   RO         2950    i.rt_sys_init       RTX_CM4.lib(rt_task.o)
    0x0800259c   0x00000078   Code   RO         2951    i.rt_sys_start      RTX_CM4.lib(rt_task.o)
    0x08002614   0x00000040   Code   RO         3074    i.rt_systick        RTX_CM4.lib(rt_system.o)
    0x08002654   0x00000012   Code   RO         2373    i.rt_tid2ptcb       RTX_CM4.lib(rt_cmsis.o)
    0x08002666   0x00000002   PAD
    0x08002668   0x00000034   Code   RO         2374    i.rt_timer_insert   RTX_CM4.lib(rt_cmsis.o)
    0x0800269c   0x00000088   Code   RO         2952    i.rt_tsk_create     RTX_CM4.lib(rt_task.o)
    0x08002724   0x0000017c   Code   RO         2953    i.rt_tsk_delete     RTX_CM4.lib(rt_task.o)
    0x080028a0   0x00000030   Code   RO         2954    i.rt_tsk_pass       RTX_CM4.lib(rt_task.o)
    0x080028d0   0x0000007c   Code   RO         2955    i.rt_tsk_prio       RTX_CM4.lib(rt_task.o)
    0x0800294c   0x00000010   Code   RO         2956    i.rt_tsk_self       RTX_CM4.lib(rt_task.o)
    0x0800295c   0x00000070   Code   RO         2377    i.svcKernelInitialize  RTX_CM4.lib(rt_cmsis.o)
    0x080029cc   0x00000048   Code   RO         2379    i.svcKernelStart    RTX_CM4.lib(rt_cmsis.o)
    0x08002a14   0x00000024   Code   RO         2382    i.svcMessageCreate  RTX_CM4.lib(rt_cmsis.o)
    0x08002a38   0x0000003a   Code   RO         2383    i.svcMessageGet     RTX_CM4.lib(rt_cmsis.o)
    0x08002a72   0x00000024   Code   RO         2394    i.svcSignalClear    RTX_CM4.lib(rt_cmsis.o)
    0x08002a96   0x00000024   Code   RO         2395    i.svcSignalSet      RTX_CM4.lib(rt_cmsis.o)
    0x08002aba   0x00000002   PAD
    0x08002abc   0x00000054   Code   RO         2396    i.svcSignalWait     RTX_CM4.lib(rt_cmsis.o)
    0x08002b10   0x00000070   Code   RO         2397    i.svcThreadCreate   RTX_CM4.lib(rt_cmsis.o)
    0x08002b80   0x0000001c   Code   RO         2398    i.svcThreadGetId    RTX_CM4.lib(rt_cmsis.o)
    0x08002b9c   0x00000038   Code   RO         2401    i.svcThreadTerminate  RTX_CM4.lib(rt_cmsis.o)
    0x08002bd4   0x0000000a   Code   RO         2402    i.svcThreadYield    RTX_CM4.lib(rt_cmsis.o)
    0x08002bde   0x00000018   Code   RO         2403    i.svcTimerCall      RTX_CM4.lib(rt_cmsis.o)
    0x08002bf6   0x00000002   PAD
    0x08002bf8   0x0000005c   Code   RO         2412    i.sysTimerTick      RTX_CM4.lib(rt_cmsis.o)
    0x08002c54   0x0000000a   Code   RO         3673    x$fpl$fpinit        fz_wm.l(fpinit.o)
    0x08002c5e   0x00000002   PAD
    0x08002c60   0x00000020   Data   RO          142    .constdata          thread.o
    0x08002c80   0x00000056   Data   RO          242    .constdata          rtx_conf_cm.o
    0x08002cd6   0x00000002   PAD
    0x08002cd8   0x00000020   Data   RO         3707    Region$$Table       anon$$obj.o


    Execution Region ER_RW (Base: 0x20000000, Size: 0x0000005c, Max: 0xffffffff, ABSOLUTE)

    Base Addr    Size         Type   Attr      Idx    E Section Name        Object

    0x20000000   0x00000008   Data   RW          143    .data               thread.o
    0x20000008   0x00000001   Data   RW          189    .data               my_headers.o
    0x20000009   0x00000003   PAD
    0x2000000c   0x00000024   Data   RW          243    .data               rtx_conf_cm.o
    0x20000030   0x00000004   Data   RW          316    .data               stm32f4xx_hal.o
    0x20000034   0x00000008   Data   RW         2415    .data               RTX_CM4.lib(rt_cmsis.o)
    0x2000003c   0x00000008   Data   RW         2958    .data               RTX_CM4.lib(rt_task.o)
    0x20000044   0x00000008   Data   RW         3077    .data               RTX_CM4.lib(rt_system.o)
    0x2000004c   0x00000004   Data   RW         3367    .data               RTX_CM4.lib(rt_time.o)
    0x20000050   0x00000008   Data   RW         3398    .data               RTX_CM4.lib(rt_robin.o)
    0x20000058   0x00000001   Data   RW         3478    .data               RTX_CM4.lib(hal_cm.o)


    Execution Region ER_ZI (Base: 0x2000005c, Size: 0x000012ec, Max: 0xffffffff, ABSOLUTE)

    Base Addr    Size         Type   Attr      Idx    E Section Name        Object

    0x2000005c   0x00000058   Zero   RW          188    .bss                my_headers.o
    0x200000b4   0x00000004   PAD
    0x200000b8   0x00000bc8   Zero   RW          241    .bss                rtx_conf_cm.o
    0x20000c80   0x00000034   Zero   RW         2957    .bss                RTX_CM4.lib(rt_task.o)
    0x20000cb4   0x00000030   Zero   RW         3207    .bss                RTX_CM4.lib(rt_list.o)
    0x20000ce4   0x00000060   Zero   RW         3540    .bss                c_w.l(libspace.o)
    0x20000d44   0x00000004   PAD
    0x20000d48   0x00000200   Zero   RW         2275    HEAP                startup_stm32f407xx.o
    0x20000f48   0x00000400   Zero   RW         2274    STACK               startup_stm32f407xx.o


==============================================================================

Image component sizes


      Code (inc. data)   RO Data    RW Data    ZI Data      Debug   Object Name

        42          0          0          0          0     585337   main.o
       816         56          0          1         88       2819   my_headers.o
       126         26         86         36       3016       9191   rtx_conf_cm.o
        64         26        392          0       1536        852   startup_stm32f407xx.o
        12          6          0          4          0       2231   stm32f4xx_hal.o
       236         26          0          0          0      30279   stm32f4xx_hal_cortex.o
       512         46          0          0          0       1880   stm32f4xx_hal_gpio.o
      2116          0          0          0          0       7936   stm32f4xx_hal_spi.o
       344         26          0          0          0        609   system_stm32f4xx.o
       564         64         32          8          0       3224   thread.o

    ----------------------------------------------------------------------
      4840        276        544         52       4644     644358   Object Totals
         0          0         32          0          0          0   (incl. Generated)
         8          0          2          3          4          0   (incl. Padding)

    ----------------------------------------------------------------------

      Code (inc. data)   RO Data    RW Data    ZI Data      Debug   Library Member Name

       268         24          0          1          0       4452   hal_cm.o
       408         34          0          0          0        816   hal_cm4.o
      1416        166          0          8          0      39923   rt_cmsis.o
       300         24          0          0          0       3383   rt_event.o
       566         44          0          0         48       9176   rt_list.o
       550         10          0          0          0       4185   rt_mailbox.o
       140          0          0          0          0       2045   rt_membox.o
       128          0          0          0          0       2419   rt_memory.o
       320         12          0          0          0       1699   rt_mutex.o
        96         22          0          8          0       1230   rt_robin.o
        52          4          0          0          0        613   rt_semaphore.o
       298         52          0          8          0       6439   rt_system.o
      1264        184          0          8         52      10563   rt_task.o
         0          0          0          4          0        206   rt_time.o
         4          4          0          0          0        200   svc_table.o
         8          0          0          0          0         68   __main.o
         0          0          0          0          0          0   __rtentry.o
        20          0          0          0          0          0   __rtentry2.o
         6          0          0          0          0          0   __rtentry4.o
        52          8          0          0          0          0   __scatter.o
        26          0          0          0          0          0   __scatter_copy.o
        28          0          0          0          0          0   __scatter_zi.o
        18          0          0          0          0         80   exit.o
         6          0          0          0          0        152   heapauxi.o
         0          0          0          0          0          0   indicate_semi.o
         2          0          0          0          0          0   libinit.o
         6          0          0          0          0          0   libinit2.o
         2          0          0          0          0          0   libshutdown.o
         2          0          0          0          0          0   libshutdown2.o
         8          4          0          0         96         68   libspace.o
         2          0          0          0          0          0   rtexit.o
        10          0          0          0          0          0   rtexit2.o
        12          4          0          0          0         68   sys_exit.o
        74          0          0          0          0         80   sys_stackheap_outer.o
         2          0          0          0          0         68   use_no_semi.o
        10          0          0          0          0        116   fpinit.o

    ----------------------------------------------------------------------
      6128        596          0         40        200      88049   Library Totals
        24          0          0          3          4          0   (incl. Padding)

    ----------------------------------------------------------------------

      Code (inc. data)   RO Data    RW Data    ZI Data      Debug   Library Name

      5810        580          0         37        100      87349   RTX_CM4.lib
       284         16          0          0         96        584   c_w.l
        10          0          0          0          0        116   fz_wm.l

    ----------------------------------------------------------------------
      6128        596          0         40        200      88049   Library Totals

    ----------------------------------------------------------------------

==============================================================================


      Code (inc. data)   RO Data    RW Data    ZI Data      Debug   

     10968        872        544         92       4844     721451   Grand Totals
     10968        872        544         92       4844     721451   ELF Image Totals
     10968        872        544         92          0          0   ROM Totals

==============================================================================

    Total RO  Size (Code + RO Data)                11512 (  11.24kB)
    Total RW  Size (RW Data + ZI Data)              4936 (   4.82kB)
    Total ROM Size (Code + RO Data + RW Data)      11604 (  11.33kB)

==============================================================================

